Archive member included because of file (symbol)

.\CortexM0\ARM_GCC_493\Debug\BLE Lab 4.a(cyfitter_cfg.o)
                              .\CortexM0\ARM_GCC_493\Debug\Cm0Start.o (cyfitter_cfg)
.\CortexM0\ARM_GCC_493\Debug\BLE Lab 4.a(GREEN.o)
                              .\CortexM0\ARM_GCC_493\Debug\main.o (GREEN_SetDriveMode)
.\CortexM0\ARM_GCC_493\Debug\BLE Lab 4.a(RED.o)
                              .\CortexM0\ARM_GCC_493\Debug\main.o (RED_SetDriveMode)
.\CortexM0\ARM_GCC_493\Debug\BLE Lab 4.a(PRS_2.o)
                              .\CortexM0\ARM_GCC_493\Debug\main.o (PRS_2_Start)
.\CortexM0\ARM_GCC_493\Debug\BLE Lab 4.a(PRS_1.o)
                              .\CortexM0\ARM_GCC_493\Debug\main.o (PRS_1_Start)
.\CortexM0\ARM_GCC_493\Debug\BLE Lab 4.a(BLE_1.o)
                              .\CortexM0\ARM_GCC_493\Debug\main.o (CyBle_Start)
.\CortexM0\ARM_GCC_493\Debug\BLE Lab 4.a(BLE_1_gatt.o)
                              .\CortexM0\ARM_GCC_493\Debug\BLEApplications.o (cyBle_state)
.\CortexM0\ARM_GCC_493\Debug\BLE Lab 4.a(BLE_1_eventHandler.o)
                              .\CortexM0\ARM_GCC_493\Debug\BLEApplications.o (cyBle_connHandle)
.\CortexM0\ARM_GCC_493\Debug\BLE Lab 4.a(BLE_1_custom.o)
                              .\CortexM0\ARM_GCC_493\Debug\BLEApplications.o (cyBle_customs)
.\CortexM0\ARM_GCC_493\Debug\BLE Lab 4.a(CapSense.o)
                              .\CortexM0\ARM_GCC_493\Debug\main.o (CapSense_Start)
.\CortexM0\ARM_GCC_493\Debug\BLE Lab 4.a(CapSense_CSHL.o)
                              .\CortexM0\ARM_GCC_493\Debug\BLE Lab 4.a(CapSense.o) (CapSense_rawDataIndex)
.\CortexM0\ARM_GCC_493\Debug\BLE Lab 4.a(CapSense_INT.o)
                              .\CortexM0\ARM_GCC_493\Debug\BLE Lab 4.a(CapSense.o) (CapSense_ISR)
.\CortexM0\ARM_GCC_493\Debug\BLE Lab 4.a(CapSense_SMS.o)
                              .\CortexM0\ARM_GCC_493\Debug\BLE Lab 4.a(CapSense_CSHL.o) (CapSense_config)
.\CortexM0\ARM_GCC_493\Debug\BLE Lab 4.a(BLUE.o)
                              .\CortexM0\ARM_GCC_493\Debug\main.o (BLUE_SetDriveMode)
.\CortexM0\ARM_GCC_493\Debug\BLE Lab 4.a(CapSense_SampleClk.o)
                              .\CortexM0\ARM_GCC_493\Debug\BLE Lab 4.a(CapSense.o) (CapSense_SampleClk_StartEx)
.\CortexM0\ARM_GCC_493\Debug\BLE Lab 4.a(CapSense_SenseClk.o)
                              .\CortexM0\ARM_GCC_493\Debug\BLE Lab 4.a(CapSense.o) (CapSense_SenseClk_StartEx)
.\CortexM0\ARM_GCC_493\Debug\BLE Lab 4.a(CyBootAsmGnu.o)
                              .\CortexM0\ARM_GCC_493\Debug\BLE Lab 4.a(cyfitter_cfg.o) (CyDelayCycles)
.\CortexM0\ARM_GCC_493\Debug\BLE Lab 4.a(CyLib.o)
                              .\CortexM0\ARM_GCC_493\Debug\BLE Lab 4.a(cyfitter_cfg.o) (CySysClkWriteImoFreq)
.\CortexM0\ARM_GCC_493\Debug\BLE Lab 4.a(CyLFClk.o)
                              .\CortexM0\ARM_GCC_493\Debug\BLE Lab 4.a(cyfitter_cfg.o) (CySysClkWcoStart)
C:\9047software\PSoC Creator\3.3\PSoC Creator\psoc\content\cycomponentlibrary\CyComponentLibrary.cylib\BLE_v2_0\Library\gccCyBLEStack_BLE_SOC_PERIPHERAL.a(CyBle.o)
                              .\CortexM0\ARM_GCC_493\Debug\main.o (CyBle_ProcessEvents)
C:\9047software\PSoC Creator\3.3\PSoC Creator\psoc\content\cycomponentlibrary\CyComponentLibrary.cylib\BLE_v2_0\Library\gccCyBLEStack_BLE_SOC_PERIPHERAL.a(CyBleStackMgrIP_Interface.o)
                              C:\9047software\PSoC Creator\3.3\PSoC Creator\psoc\content\cycomponentlibrary\CyComponentLibrary.cylib\BLE_v2_0\Library\gccCyBLEStack_BLE_SOC_PERIPHERAL.a(CyBle.o) (CyBleStackMgr_Init)
C:\9047software\PSoC Creator\3.3\PSoC Creator\psoc\content\cycomponentlibrary\CyComponentLibrary.cylib\BLE_v2_0\Library\gccCyBLEStack_BLE_SOC_PERIPHERAL.a(BT_os.o)
                              C:\9047software\PSoC Creator\3.3\PSoC Creator\psoc\content\cycomponentlibrary\CyComponentLibrary.cylib\BLE_v2_0\Library\gccCyBLEStack_BLE_SOC_PERIPHERAL.a(CyBleStackMgrIP_Interface.o) (cyBleStackMemoryConfig)
C:\9047software\PSoC Creator\3.3\PSoC Creator\psoc\content\cycomponentlibrary\CyComponentLibrary.cylib\BLE_v2_0\Library\gccCyBLEStack_BLE_SOC_PERIPHERAL.a(CyBleStackMgr_StackTaskHandler.o)
                              C:\9047software\PSoC Creator\3.3\PSoC Creator\psoc\content\cycomponentlibrary\CyComponentLibrary.cylib\BLE_v2_0\Library\gccCyBLEStack_BLE_SOC_PERIPHERAL.a(CyBleStackMgrIP_Interface.o) (CyBle_CreateBleStackTask)
C:\9047software\PSoC Creator\3.3\PSoC Creator\psoc\content\cycomponentlibrary\CyComponentLibrary.cylib\BLE_v2_0\Library\gccCyBLEStack_BLE_SOC_PERIPHERAL.a(transport_sf.o)
                              C:\9047software\PSoC Creator\3.3\PSoC Creator\psoc\content\cycomponentlibrary\CyComponentLibrary.cylib\BLE_v2_0\Library\gccCyBLEStack_BLE_SOC_PERIPHERAL.a(CyBleStackMgr_StackTaskHandler.o) (hci_soft_transport_notify_data_received)
C:\9047software\PSoC Creator\3.3\PSoC Creator\psoc\content\cycomponentlibrary\CyComponentLibrary.cylib\BLE_v2_0\Library\gccCyBLEStack_BLE_SOC_PERIPHERAL.a(CyBleStackMgr_PSoCHal.o)
[...]
Memory Configuration

Name             Origin             Length             Attributes
rom              0x00000000         0x00020000         xr
ram              0x20000000         0x00004000         xrw
*default*        0x00000000         0xffffffff

Linker script and memory map

LOAD c:/9047software/psoc creator/3.3/psoc creator/import/gnu/arm/4.9.3/bin/../lib/gcc/arm-none-eabi/4.9.3/armv6-m/crti.o
LOAD c:/9047software/psoc creator/3.3/psoc creator/import/gnu/arm/4.9.3/bin/../lib/gcc/arm-none-eabi/4.9.3/armv6-m/crtbegin.o
LOAD c:/9047software/psoc creator/3.3/psoc creator/import/gnu/arm/4.9.3/bin/../lib/gcc/arm-none-eabi/4.9.3/../../../../arm-none-eabi/lib/armv6-m/crt0.o
START GROUP
LOAD .\CortexM0\ARM_GCC_493\Debug\main.o
LOAD .\CortexM0\ARM_GCC_493\Debug\BLEApplications.o
LOAD .\CortexM0\ARM_GCC_493\Debug\cymetadata.o
LOAD .\CortexM0\ARM_GCC_493\Debug\Cm0Start.o
LOAD .\CortexM0\ARM_GCC_493\Debug\BLE Lab 4.a
LOAD C:\9047software\PSoC Creator\3.3\PSoC Creator\psoc\content\cycomponentlibrary\CyComponentLibrary.cylib\BLE_v2_0\Library\gccCyBLEStack_BLE_SOC_PERIPHERAL.a
LOAD C:\9047software\PSoC Creator\3.3\PSoC Creator\psoc\content\cycomponentlibrary\CyComponentLibrary.cylib\CapSense_CSD_P4_v2_20\PSoC4\Library\CapsenseP4Library_GCC.a
LOAD C:\9047software\PSoC Creator\3.3\PSoC Creator\psoc\content\cycomponentlibrary\CyComponentLibrary.cylib\CortexM0\ARM_GCC_493\Debug\CyComponentLibrary.a
END GROUP
START GROUP
LOAD c:/9047software/psoc creator/3.3/psoc creator/import/gnu/arm/4.9.3/bin/../lib/gcc/arm-none-eabi/4.9.3/armv6-m\libgcc.a
LOAD c:/9047software/psoc creator/3.3/psoc creator/import/gnu/arm/4.9.3/bin/../lib/gcc/arm-none-eabi/4.9.3/../../../../arm-none-eabi/lib/armv6-m\libg_nano.a
LOAD c:/9047software/psoc creator/3.3/psoc creator/import/gnu/arm/4.9.3/bin/../lib/gcc/arm-none-eabi/4.9.3/../../../../arm-none-eabi/lib/armv6-m\libc_nano.a
END GROUP
START GROUP
LOAD c:/9047software/psoc creator/3.3/psoc creator/import/gnu/arm/4.9.3/bin/../lib/gcc/arm-none-eabi/4.9.3/armv6-m\libgcc.a
LOAD c:/9047software/psoc creator/3.3/psoc creator/import/gnu/arm/4.9.3/bin/../lib/gcc/arm-none-eabi/4.9.3/../../../../arm-none-eabi/lib/armv6-m\libc_nano.a
END GROUP
LOAD c:/9047software/psoc creator/3.3/psoc creator/import/gnu/arm/4.9.3/bin/../lib/gcc/arm-none-eabi/4.9.3/armv6-m/crtend.o
LOAD c:/9047software/psoc creator/3.3/psoc creator/import/gnu/arm/4.9.3/bin/../lib/gcc/arm-none-eabi/4.9.3/armv6-m/crtn.o
START GROUP
LOAD c:/9047software/psoc creator/3.3/psoc creator/import/gnu/arm/4.9.3/bin/../lib/gcc/arm-none-eabi/4.9.3/armv6-m\libgcc.a
LOAD c:/9047software/psoc creator/3.3/psoc creator/import/gnu/arm/4.9.3/bin/../lib/gcc/arm-none-eabi/4.9.3/../../../../arm-none-eabi/lib/armv6-m\libc.a
LOAD c:/9047software/psoc creator/3.3/psoc creator/import/gnu/arm/4.9.3/bin/../lib/gcc/arm-none-eabi/4.9.3/../../../../arm-none-eabi/lib/armv6-m\libnosys.a
END GROUP
                0x00000000                CY_APPL_ORIGIN = 0x0
                0x00000080                CY_FLASH_ROW_SIZE = 0x80
                0x00000001                CY_APPL_NUM = 0x1
                0x00000040                CY_METADATA_SIZE = 0x40
                0x20001e70                PROVIDE (__cy_heap_start, _end)
                0x00000001                PROVIDE (__cy_region_num, ((__cy_regions_end - __cy_regions) / 0x10))
                0x20004000                PROVIDE (__cy_stack, (ORIGIN (ram) + 0x4000))
                0x20003800                PROVIDE (__cy_heap_end, (__cy_stack - 0x800))

.cybootloader   0x00000000        0x0
 *(.cybootloader)
                0x00000000                appl1_start = CY_APPL_ORIGIN?CY_APPL_ORIGIN:ALIGN (CY_FLASH_ROW_SIZE)
                0x0000ff80                appl2_start = (appl1_start + ALIGN ((((0x20000 - appl1_start) - (0x2 * CY_FLASH_ROW_SIZE)) / 0x2), CY_FLASH_ROW_SIZE))
                0x00000000                appl_start = (CY_APPL_NUM == 0x1)?appl1_start:appl2_start

.text           0x00000000     0x3570
 CREATE_OBJECT_SYMBOLS
                0x00000000                PROVIDE (__cy_interrupt_vector, RomVectors)
 *(.romvectors)
 .romvectors    0x00000000       0x10 .\CortexM0\ARM_GCC_493\Debug\Cm0Start.o
                0x00000000                RomVectors
                0x00000001                ASSERT ((. != __cy_interrupt_vector), No interrupt vector)
                0x00000001                ASSERT (CY_APPL_ORIGIN?(SIZEOF (.cybootloader) <= CY_APPL_ORIGIN):0x1, Wrong image location)
                0x00000010                PROVIDE (__cy_reset, Reset)
 *(.text.Reset)
 .text.Reset    0x00000010        0x8 .\CortexM0\ARM_GCC_493\Debug\Cm0Start.o
                0x00000010                Reset
                0x00000001                ASSERT ((. != __cy_reset), No reset code)
 *(.psocinit)
 .psocinit      0x00000018      0x298 .\CortexM0\ARM_GCC_493\Debug\BLE Lab 4.a(cyfitter_cfg.o)
                0x00000120                cyfitter_cfg
                0x000002b0                . = MAX (., 0x100)
 *(.text .text.* .gnu.linkonce.t.*)
 .text          0x000002b0       0x60 c:/9047software/psoc creator/3.3/psoc creator/import/gnu/arm/4.9.3/bin/../lib/gcc/arm-none-eabi/4.9.3/armv6-m/crtbegin.o
 .text.main     0x00000310       0x2c .\CortexM0\ARM_GCC_493\Debug\main.o
                0x00000310                main
 .text.InitializeSystem
                0x0000033c       0x4c .\CortexM0\ARM_GCC_493\Debug\main.o
 .text.HandleCapSenseSlider
                0x00000388       0x64 .\CortexM0\ARM_GCC_493\Debug\main.o
 .text.CustomEventHandler
                0x000003ec      0x144 .\CortexM0\ARM_GCC_493\Debug\BLEApplications.o
                0x000003ec                CustomEventHandler
 .text.SendCapSenseNotification
                0x00000530       0x50 .\CortexM0\ARM_GCC_493\Debug\BLEApplications.o
                0x00000530                SendCapSenseNotification
 .text.UpdateRGBled
                0x00000580       0xc8 .\CortexM0\ARM_GCC_493\Debug\BLEApplications.o
                0x00000580                UpdateRGBled
 .text.IntDefaultHandler
                0x00000648        0x8 .\CortexM0\ARM_GCC_493\Debug\Cm0Start.o
                0x00000648                IntDefaultHandler
 .text.Start_c  0x00000650       0x98 .\CortexM0\ARM_GCC_493\Debug\Cm0Start.o
                0x00000650                Start_c
 .text.initialize_psoc
                0x000006e8       0x70 .\CortexM0\ARM_GCC_493\Debug\Cm0Start.o
                0x000006e8                initialize_psoc
 .text.CYMEMZERO
                0x00000758       0x20 .\CortexM0\ARM_GCC_493\Debug\BLE Lab 4.a(cyfitter_cfg.o)
 .text.cfg_write_bytes32
                0x00000778       0x80 .\CortexM0\ARM_GCC_493\Debug\BLE Lab 4.a(cyfitter_cfg.o)
 .text.AnalogSetDefault
                0x000007f8       0x2c .\CortexM0\ARM_GCC_493\Debug\BLE Lab 4.a(cyfitter_cfg.o)
 .text.SetAnalogRoutingPumps
                0x00000824       0x70 .\CortexM0\ARM_GCC_493\Debug\BLE Lab 4.a(cyfitter_cfg.o)
                0x00000824                SetAnalogRoutingPumps
 .text.GREEN_SetDriveMode
                0x00000894       0x30 .\CortexM0\ARM_GCC_493\Debug\BLE Lab 4.a(GREEN.o)
                0x00000894                GREEN_SetDriveMode
 .text.RED_SetDriveMode
                0x000008c4       0x30 .\CortexM0\ARM_GCC_493\Debug\BLE Lab 4.a(RED.o)
                0x000008c4                RED_SetDriveMode
 .text.PRS_2_Start
                0x000008f4       0x24 .\CortexM0\ARM_GCC_493\Debug\BLE Lab 4.a(PRS_2.o)
                0x000008f4                PRS_2_Start
 .text.PRS_2_Init
                0x00000918       0x70 .\CortexM0\ARM_GCC_493\Debug\BLE Lab 4.a(PRS_2.o)
                0x00000918                PRS_2_Init
 .text.PRS_2_Enable
                0x00000988       0x1c .\CortexM0\ARM_GCC_493\Debug\BLE Lab 4.a(PRS_2.o)
                0x00000988                PRS_2_Enable
 .text.PRS_2_WriteSeed
                0x000009a4       0x34 .\CortexM0\ARM_GCC_493\Debug\BLE Lab 4.a(PRS_2.o)
                0x000009a4                PRS_2_WriteSeed
 .text.PRS_2_WritePolynomial
                0x000009d8       0x20 .\CortexM0\ARM_GCC_493\Debug\BLE Lab 4.a(PRS_2.o)
                0x000009d8                PRS_2_WritePolynomial
 .text.PRS_2_WritePulse0
                0x000009f8       0x20 .\CortexM0\ARM_GCC_493\Debug\BLE Lab 4.a(PRS_2.o)
                0x000009f8                PRS_2_WritePulse0
 .text.PRS_2_WritePulse1
                0x00000a18       0x20 .\CortexM0\ARM_GCC_493\Debug\BLE Lab 4.a(PRS_2.o)
                0x00000a18                PRS_2_WritePulse1
 .text.PRS_1_Start
                0x00000a38       0x24 .\CortexM0\ARM_GCC_493\Debug\BLE Lab 4.a(PRS_1.o)
                0x00000a38                PRS_1_Start
 .text.PRS_1_Init
                0x00000a5c       0x70 .\CortexM0\ARM_GCC_493\Debug\BLE Lab 4.a(PRS_1.o)
                0x00000a5c                PRS_1_Init
 .text.PRS_1_Enable
                0x00000acc       0x1c .\CortexM0\ARM_GCC_493\Debug\BLE Lab 4.a(PRS_1.o)
                0x00000acc                PRS_1_Enable
 .text.PRS_1_WriteSeed
                0x00000ae8       0x34 .\CortexM0\ARM_GCC_493\Debug\BLE Lab 4.a(PRS_1.o)
                0x00000ae8                PRS_1_WriteSeed
 .text.PRS_1_WritePolynomial
                0x00000b1c       0x20 .\CortexM0\ARM_GCC_493\Debug\BLE Lab 4.a(PRS_1.o)
                0x00000b1c                PRS_1_WritePolynomial
 .text.PRS_1_WritePulse0
                0x00000b3c       0x20 .\CortexM0\ARM_GCC_493\Debug\BLE Lab 4.a(PRS_1.o)
                0x00000b3c                PRS_1_WritePulse0
 .text.PRS_1_WritePulse1
                0x00000b5c       0x20 .\CortexM0\ARM_GCC_493\Debug\BLE Lab 4.a(PRS_1.o)
                0x00000b5c                PRS_1_WritePulse1
 .text.CyBle_Init
                0x00000b7c       0x2c .\CortexM0\ARM_GCC_493\Debug\BLE Lab 4.a(BLE_1.o)
                0x00000b7c                CyBle_Init
 .text.CyBle_ServiceInit
                0x00000ba8        0xc .\CortexM0\ARM_GCC_493\Debug\BLE Lab 4.a(BLE_1.o)
                0x00000ba8                CyBle_ServiceInit
 .text.CyBle_Start
                0x00000bb4       0xb8 .\CortexM0\ARM_GCC_493\Debug\BLE Lab 4.a(BLE_1.o)
                0x00000bb4                CyBle_Start
 .text.CyBle_GappStartAdvertisement
                0x00000c6c       0xd4 .\CortexM0\ARM_GCC_493\Debug\BLE Lab 4.a(BLE_1.o)
                0x00000c6c                CyBle_GappStartAdvertisement
 .text.CyBle_ChangeAdDeviceAddress
                0x00000d40       0x60 .\CortexM0\ARM_GCC_493\Debug\BLE Lab 4.a(BLE_1.o)
                0x00000d40                CyBle_ChangeAdDeviceAddress
 .text.CyBle_Get16ByPtr
                0x00000da0       0x28 .\CortexM0\ARM_GCC_493\Debug\BLE Lab 4.a(BLE_1.o)
                0x00000da0                CyBle_Get16ByPtr
 .text.CyBle_GattsWriteEventHandler
                0x00000dc8       0xa0 .\CortexM0\ARM_GCC_493\Debug\BLE Lab 4.a(BLE_1_gatt.o)
                0x00000dc8                CyBle_GattsWriteEventHandler
 .text.CyBle_WriteReqHandler
                0x00000e68       0x70 .\CortexM0\ARM_GCC_493\Debug\BLE Lab 4.a(BLE_1_eventHandler.o)
 .text.CyBle_ValueConfirmation
                0x00000ed8       0x10 .\CortexM0\ARM_GCC_493\Debug\BLE Lab 4.a(BLE_1_eventHandler.o)
 .text.CyBle_GattDisconnectEventHandler
                0x00000ee8       0x18 .\CortexM0\ARM_GCC_493\Debug\BLE Lab 4.a(BLE_1_eventHandler.o)
 .text.CyBle_TimeOutEventHandler
                0x00000f00       0x10 .\CortexM0\ARM_GCC_493\Debug\BLE Lab 4.a(BLE_1_eventHandler.o)
 .text.CyBle_GattConnectReqHandler
                0x00000f10        0x8 .\CortexM0\ARM_GCC_493\Debug\BLE Lab 4.a(BLE_1_eventHandler.o)
 .text.CyBle_IsDeviceAddressValid
                0x00000f18       0x60 .\CortexM0\ARM_GCC_493\Debug\BLE Lab 4.a(BLE_1_eventHandler.o)
 .text.CyBle_L2Cap_ConnParamUpdateRspEventHandler
                0x00000f78       0x14 .\CortexM0\ARM_GCC_493\Debug\BLE Lab 4.a(BLE_1_eventHandler.o)
 .text.CyBle_GapConnUpdateCompleteEventHandler
                0x00000f8c       0x10 .\CortexM0\ARM_GCC_493\Debug\BLE Lab 4.a(BLE_1_eventHandler.o)
 .text.CyBle_EventHandler
                0x00000f9c      0x2d4 .\CortexM0\ARM_GCC_493\Debug\BLE Lab 4.a(BLE_1_eventHandler.o)
                0x00000f9c                CyBle_EventHandler
 .text.CyBle_CustomInit
                0x00001270        0x8 .\CortexM0\ARM_GCC_493\Debug\BLE Lab 4.a(BLE_1_custom.o)
                0x00001270                CyBle_CustomInit
 .text.CapSense_Init
                0x00001278       0x3c .\CortexM0\ARM_GCC_493\Debug\BLE Lab 4.a(CapSense.o)
                0x00001278                CapSense_Init
 .text.CapSense_CsdHwBlockInit
                0x000012b4       0xbc .\CortexM0\ARM_GCC_493\Debug\BLE Lab 4.a(CapSense.o)
                0x000012b4                CapSense_CsdHwBlockInit
 .text.CapSense_Enable
                0x00001370       0x54 .\CortexM0\ARM_GCC_493\Debug\BLE Lab 4.a(CapSense.o)
                0x00001370                CapSense_Enable
 .text.CapSense_Start
                0x000013c4       0x44 .\CortexM0\ARM_GCC_493\Debug\BLE Lab 4.a(CapSense.o)
                0x000013c4                CapSense_Start
 .text.CapSense_FindNextSensor
                0x00001408       0x48 .\CortexM0\ARM_GCC_493\Debug\BLE Lab 4.a(CapSense.o)
                0x00001408                CapSense_FindNextSensor
 .text.CapSense_ScanSensor
                0x00001450       0x34 .\CortexM0\ARM_GCC_493\Debug\BLE Lab 4.a(CapSense.o)
                0x00001450                CapSense_ScanSensor
 .text.CapSense_ScanEnabledWidgets
                0x00001484       0x58 .\CortexM0\ARM_GCC_493\Debug\BLE Lab 4.a(CapSense.o)
                0x00001484                CapSense_ScanEnabledWidgets
 .text.CapSense_IsBusy
                0x000014dc       0x1c .\CortexM0\ARM_GCC_493\Debug\BLE Lab 4.a(CapSense.o)
                0x000014dc                CapSense_IsBusy
 .text.CapSense_ReadSensorRaw
                0x000014f8       0x1c .\CortexM0\ARM_GCC_493\Debug\BLE Lab 4.a(CapSense.o)
                0x000014f8                CapSense_ReadSensorRaw
 .text.CapSense_ClearSensors
                0x00001514       0x28 .\CortexM0\ARM_GCC_493\Debug\BLE Lab 4.a(CapSense.o)
                0x00001514                CapSense_ClearSensors
 .text.CapSense_EnableSensor
                0x0000153c       0xc8 .\CortexM0\ARM_GCC_493\Debug\BLE Lab 4.a(CapSense.o)
                0x0000153c                CapSense_EnableSensor
 .text.CapSense_DisableSensor
                0x00001604      0x118 .\CortexM0\ARM_GCC_493\Debug\BLE Lab 4.a(CapSense.o)
                0x00001604                CapSense_DisableSensor
 .text.CapSense_PreScan
                0x0000171c      0x184 .\CortexM0\ARM_GCC_493\Debug\BLE Lab 4.a(CapSense.o)
                0x0000171c                CapSense_PreScan
 .text.CapSense_PostScan
                0x000018a0       0xc4 .\CortexM0\ARM_GCC_493\Debug\BLE Lab 4.a(CapSense.o)
                0x000018a0                CapSense_PostScan
 .text.CapSense_SetShieldDelay
                0x00001964       0x30 .\CortexM0\ARM_GCC_493\Debug\BLE Lab 4.a(CapSense.o)
                0x00001964                CapSense_SetShieldDelay
 .text.CapSense_GetBitValue
                0x00001994       0x44 .\CortexM0\ARM_GCC_493\Debug\BLE Lab 4.a(CapSense.o)
                0x00001994                CapSense_GetBitValue
 .text.CapSense_SetBitValue
                0x000019d8       0x68 .\CortexM0\ARM_GCC_493\Debug\BLE Lab 4.a(CapSense.o)
                0x000019d8                CapSense_SetBitValue
 .text.CapSense_GetSensorRaw
                0x00001a40       0x50 .\CortexM0\ARM_GCC_493\Debug\BLE Lab 4.a(CapSense.o)
                0x00001a40                CapSense_GetSensorRaw
 .text.CapSense_NormalizeWidgets
                0x00001a90       0x9c .\CortexM0\ARM_GCC_493\Debug\BLE Lab 4.a(CapSense.o)
                0x00001a90                CapSense_NormalizeWidgets
 .text.CapSense_BaseInit
                0x00001b2c       0x58 .\CortexM0\ARM_GCC_493\Debug\BLE Lab 4.a(CapSense_CSHL.o)
                0x00001b2c                CapSense_BaseInit
 .text.CapSense_InitializeSensorBaseline
                0x00001b84       0x28 .\CortexM0\ARM_GCC_493\Debug\BLE Lab 4.a(CapSense_CSHL.o)
                0x00001b84                CapSense_InitializeSensorBaseline
 .text.CapSense_InitializeAllBaselines
                0x00001bac       0x28 .\CortexM0\ARM_GCC_493\Debug\BLE Lab 4.a(CapSense_CSHL.o)
                0x00001bac                CapSense_InitializeAllBaselines
 .text.CapSense_UpdateBaselineNoThreshold
                0x00001bd4      0x238 .\CortexM0\ARM_GCC_493\Debug\BLE Lab 4.a(CapSense_CSHL.o)
                0x00001bd4                CapSense_UpdateBaselineNoThreshold
 .text.CapSense_UpdateSensorBaseline
                0x00001e0c       0x20 .\CortexM0\ARM_GCC_493\Debug\BLE Lab 4.a(CapSense_CSHL.o)
                0x00001e0c                CapSense_UpdateSensorBaseline
 .text.CapSense_UpdateEnabledBaselines
                0x00001e2c       0x40 .\CortexM0\ARM_GCC_493\Debug\BLE Lab 4.a(CapSense_CSHL.o)
                0x00001e2c                CapSense_UpdateEnabledBaselines
 .text.CapSense_FindMaximum
                0x00001e6c       0xb8 .\CortexM0\ARM_GCC_493\Debug\BLE Lab 4.a(CapSense_CSHL.o)
                0x00001e6c                CapSense_FindMaximum
 .text.CapSense_CalcCentroid
                0x00001f24      0x1a0 .\CortexM0\ARM_GCC_493\Debug\BLE Lab 4.a(CapSense_CSHL.o)
                0x00001f24                CapSense_CalcCentroid
 .text.CapSense_GetCentroidPos
                0x000020c4      0x1b8 .\CortexM0\ARM_GCC_493\Debug\BLE Lab 4.a(CapSense_CSHL.o)
                0x000020c4                CapSense_GetCentroidPos
 .text.CapSense_AveragingFilter
                0x0000227c       0x48 .\CortexM0\ARM_GCC_493\Debug\BLE Lab 4.a(CapSense_CSHL.o)
                0x0000227c                CapSense_AveragingFilter
 .text.CapSense_IIR4Filter
                0x000022c4       0x3c .\CortexM0\ARM_GCC_493\Debug\BLE Lab 4.a(CapSense_CSHL.o)
                0x000022c4                CapSense_IIR4Filter
 .text.CapSense_ISR
                0x00002300       0xd8 .\CortexM0\ARM_GCC_493\Debug\BLE Lab 4.a(CapSense_INT.o)
                0x00002300                CapSense_ISR
 .text.CapSense_AutoTune
                0x000023d8      0x104 .\CortexM0\ARM_GCC_493\Debug\BLE Lab 4.a(CapSense_SMS.o)
                0x000023d8                CapSense_AutoTune
 .text.CapSense_UpdateThresholds
                0x000024dc       0xf8 .\CortexM0\ARM_GCC_493\Debug\BLE Lab 4.a(CapSense_SMS.o)
                0x000024dc                CapSense_UpdateThresholds
 .text.CapSense_SetAnalogSwitchesSrcDirect
                0x000025d4       0x18 .\CortexM0\ARM_GCC_493\Debug\BLE Lab 4.a(CapSense_SMS.o)
                0x000025d4                CapSense_SetAnalogSwitchesSrcDirect
 .text.CapSense_DisableBaselineIDAC
                0x000025ec       0x34 .\CortexM0\ARM_GCC_493\Debug\BLE Lab 4.a(CapSense_SMS.o)
                0x000025ec                CapSense_DisableBaselineIDAC
 .text.CapSense_EnableBaselineIDAC
                0x00002620       0x90 .\CortexM0\ARM_GCC_493\Debug\BLE Lab 4.a(CapSense_SMS.o)
                0x00002620                CapSense_EnableBaselineIDAC
 .text.BLUE_SetDriveMode
                0x000026b0       0x30 .\CortexM0\ARM_GCC_493\Debug\BLE Lab 4.a(BLUE.o)
                0x000026b0                BLUE_SetDriveMode
 .text.CapSense_SampleClk_StartEx
                0x000026e0       0x2c .\CortexM0\ARM_GCC_493\Debug\BLE Lab 4.a(CapSense_SampleClk.o)
                0x000026e0                CapSense_SampleClk_StartEx
 .text.CapSense_SampleClk_Stop
                0x0000270c       0x20 .\CortexM0\ARM_GCC_493\Debug\BLE Lab 4.a(CapSense_SampleClk.o)
                0x0000270c                CapSense_SampleClk_Stop
 .text.CapSense_SampleClk_SetFractionalDividerRegister
                0x0000272c       0x44 .\CortexM0\ARM_GCC_493\Debug\BLE Lab 4.a(CapSense_SampleClk.o)
                0x0000272c                CapSense_SampleClk_SetFractionalDividerRegister
 .text.CapSense_SenseClk_StartEx
                0x00002770       0x2c .\CortexM0\ARM_GCC_493\Debug\BLE Lab 4.a(CapSense_SenseClk.o)
                0x00002770                CapSense_SenseClk_StartEx
 .text.CapSense_SenseClk_Stop
                0x0000279c       0x20 .\CortexM0\ARM_GCC_493\Debug\BLE Lab 4.a(CapSense_SenseClk.o)
                0x0000279c                CapSense_SenseClk_Stop
 .text.CapSense_SenseClk_SetFractionalDividerRegister
                0x000027bc       0x44 .\CortexM0\ARM_GCC_493\Debug\BLE Lab 4.a(CapSense_SenseClk.o)
                0x000027bc                CapSense_SenseClk_SetFractionalDividerRegister
 .text          0x00002800       0x20 .\CortexM0\ARM_GCC_493\Debug\BLE Lab 4.a(CyBootAsmGnu.o)
                0x00002800                CyDelayCycles
                0x00002812                CyEnterCriticalSection
                0x0000281a                CyExitCriticalSection
 .text.CySysClkWriteImoFreq
                0x00002820       0x98 .\CortexM0\ARM_GCC_493\Debug\BLE Lab 4.a(CyLib.o)
                0x00002820                CySysClkWriteImoFreq
 .text.CySysClkEcoStart
                0x000028b8       0x74 .\CortexM0\ARM_GCC_493\Debug\BLE Lab 4.a(CyLib.o)
                0x000028b8                CySysClkEcoStart
 .text.CySysClkEcoReadStatus
                0x0000292c       0x18 .\CortexM0\ARM_GCC_493\Debug\BLE Lab 4.a(CyLib.o)
                0x0000292c                CySysClkEcoReadStatus
 .text.CyIntSetVector
                0x00002944       0x4c .\CortexM0\ARM_GCC_493\Debug\BLE Lab 4.a(CyLib.o)
                0x00002944                CyIntSetVector
 .text.CyIntSetPriority
                0x00002990       0xa8 .\CortexM0\ARM_GCC_493\Debug\BLE Lab 4.a(CyLib.o)
                0x00002990                CyIntSetPriority
 .text.CyIntEnable
                0x00002a38       0x28 .\CortexM0\ARM_GCC_493\Debug\BLE Lab 4.a(CyLib.o)
                0x00002a38                CyIntEnable
 .text.CyIntDisable
                0x00002a60       0x28 .\CortexM0\ARM_GCC_493\Debug\BLE Lab 4.a(CyLib.o)
                0x00002a60                CyIntDisable
 .text.CyIntClearPending
                0x00002a88       0x28 .\CortexM0\ARM_GCC_493\Debug\BLE Lab 4.a(CyLib.o)
                0x00002a88                CyIntClearPending
 .text.CyHalt   0x00002ab0       0x14 .\CortexM0\ARM_GCC_493\Debug\BLE Lab 4.a(CyLib.o)
                0x00002ab0                CyHalt
 .text.CyDelay  0x00002ac4       0x48 .\CortexM0\ARM_GCC_493\Debug\BLE Lab 4.a(CyLib.o)
                0x00002ac4                CyDelay
 .text.CyDelayUs
                0x00002b0c       0x28 .\CortexM0\ARM_GCC_493\Debug\BLE Lab 4.a(CyLib.o)
                0x00002b0c                CyDelayUs
 .text.CySysClkWcoSetHighPowerMode
                0x00002b34       0x48 .\CortexM0\ARM_GCC_493\Debug\BLE Lab 4.a(CyLFClk.o)
 .text.CySysClkWcoSetLowPowerMode
                0x00002b7c       0x48 .\CortexM0\ARM_GCC_493\Debug\BLE Lab 4.a(CyLFClk.o)
 .text.CySysClkWcoStart
                0x00002bc4       0x20 .\CortexM0\ARM_GCC_493\Debug\BLE Lab 4.a(CyLFClk.o)
                0x00002bc4                CySysClkWcoStart
 .text.CySysClkWcoSetPowerMode
                0x00002be4       0x40 .\CortexM0\ARM_GCC_493\Debug\BLE Lab 4.a(CyLFClk.o)
                0x00002be4                CySysClkWcoSetPowerMode
 .text.CalibrateOneDAC_P4_v2_20
                0x00002c24       0x40 C:\9047software\PSoC Creator\3.3\PSoC Creator\psoc\content\cycomponentlibrary\CyComponentLibrary.cylib\CapSense_CSD_P4_v2_20\PSoC4\Library\CapsenseP4Library_GCC.a(CSD_P4_SmartSense_v2_20.o)
                0x00002c24                CalibrateOneDAC_P4_v2_20
 .text.CalibrateSensors_P4_v2_20
                0x00002c64       0x22 C:\9047software\PSoC Creator\3.3\PSoC Creator\psoc\content\cycomponentlibrary\CyComponentLibrary.cylib\CapSense_CSD_P4_v2_20\PSoC4\Library\CapsenseP4Library_GCC.a(CSD_P4_SmartSense_v2_20.o)
                0x00002c64                CalibrateSensors_P4_v2_20
 *fill*         0x00002c86        0x2 
 .text.TunePrescalers_P4_v2_20
                0x00002c88       0x48 C:\9047software\PSoC Creator\3.3\PSoC Creator\psoc\content\cycomponentlibrary\CyComponentLibrary.cylib\CapSense_CSD_P4_v2_20\PSoC4\Library\CapsenseP4Library_GCC.a(CSD_P4_SmartSense_v2_20.o)
                0x00002c88                TunePrescalers_P4_v2_20
 .text.TuneSensitivity_P4_v2_20
                0x00002cd0      0x100 C:\9047software\PSoC Creator\3.3\PSoC Creator\psoc\content\cycomponentlibrary\CyComponentLibrary.cylib\CapSense_CSD_P4_v2_20\PSoC4\Library\CapsenseP4Library_GCC.a(CSD_P4_SmartSense_v2_20.o)
                0x00002cd0                TuneSensitivity_P4_v2_20
 .text.MeasureNoiseEnvelope_P4_v2_20
                0x00002dd0      0x118 C:\9047software\PSoC Creator\3.3\PSoC Creator\psoc\content\cycomponentlibrary\CyComponentLibrary.cylib\CapSense_CSD_P4_v2_20\PSoC4\Library\CapsenseP4Library_GCC.a(CSD_P4_SmartSense_v2_20.o)
                0x00002dd0                MeasureNoiseEnvelope_P4_v2_20
 .text.CalculateThresholds_P4_v2_20
                0x00002ee8       0x40 C:\9047software\PSoC Creator\3.3\PSoC Creator\psoc\content\cycomponentlibrary\CyComponentLibrary.cylib\CapSense_CSD_P4_v2_20\PSoC4\Library\CapsenseP4Library_GCC.a(CSD_P4_SmartSense_v2_20.o)
                0x00002ee8                CalculateThresholds_P4_v2_20
 .text.CyBLE_Bless_LlRegWrite
                0x00002f28       0x1c .\CortexM0\ARM_GCC_493\Debug\BLE Lab 4.a(BLE_1_HAL_PVT.o)
                0x00002f28                CyBLE_Bless_LlRegWrite
 .text.CyBLE_Bless_RfRegWrite
                0x00002f44       0x1c .\CortexM0\ARM_GCC_493\Debug\BLE Lab 4.a(BLE_1_HAL_PVT.o)
                0x00002f44                CyBLE_Bless_RfRegWrite
 .text.CyBLE_BlessDeviceConfig
                0x00002f60      0x110 .\CortexM0\ARM_GCC_493\Debug\BLE Lab 4.a(BLE_1_HAL_PVT.o)
                0x00002f60                CyBLE_BlessDeviceConfig
 .text.CyBleHal_DelayUs
                0x00003070       0x1c .\CortexM0\ARM_GCC_493\Debug\BLE Lab 4.a(BLE_1_HAL_PVT.o)
                0x00003070                CyBleHal_DelayUs
 .text.CyBleHal_DelayMs
                0x0000308c       0x18 .\CortexM0\ARM_GCC_493\Debug\BLE Lab 4.a(BLE_1_HAL_PVT.o)
                0x0000308c                CyBleHal_DelayMs
 .text.CyBleHal_EnableGlobalInterrupts
                0x000030a4        0xc .\CortexM0\ARM_GCC_493\Debug\BLE Lab 4.a(BLE_1_HAL_PVT.o)
                0x000030a4                CyBleHal_EnableGlobalInterrupts
 .text.CyBleHal_DisableGlobalInterrupts
                0x000030b0        0xc .\CortexM0\ARM_GCC_493\Debug\BLE Lab 4.a(BLE_1_HAL_PVT.o)
                0x000030b0                CyBleHal_DisableGlobalInterrupts
 .text.CyBle_HalInit
                0x000030bc       0x20 .\CortexM0\ARM_GCC_493\Debug\BLE Lab 4.a(BLE_1_HAL_PVT.o)
                0x000030bc                CyBle_HalInit
 .text.CYBLE_BlessStart
                0x000030dc       0x14 .\CortexM0\ARM_GCC_493\Debug\BLE Lab 4.a(BLE_1_HAL_PVT.o)
                0x000030dc                CYBLE_BlessStart
 .text.BLE_1_bless_isr_StartEx
                0x000030f0       0x24 .\CortexM0\ARM_GCC_493\Debug\BLE Lab 4.a(BLE_1_bless_isr.o)
                0x000030f0                BLE_1_bless_isr_StartEx
 .text.BLE_1_bless_isr_SetVector
                0x00003114       0x18 .\CortexM0\ARM_GCC_493\Debug\BLE Lab 4.a(BLE_1_bless_isr.o)
                0x00003114                BLE_1_bless_isr_SetVector
 .text.BLE_1_bless_isr_SetPriority
                0x0000312c       0x4c .\CortexM0\ARM_GCC_493\Debug\BLE Lab 4.a(BLE_1_bless_isr.o)
                0x0000312c                BLE_1_bless_isr_SetPriority
 .text.BLE_1_bless_isr_Enable
                0x00003178       0x14 .\CortexM0\ARM_GCC_493\Debug\BLE Lab 4.a(BLE_1_bless_isr.o)
                0x00003178                BLE_1_bless_isr_Enable
 .text.BLE_1_bless_isr_Disable
                0x0000318c       0x14 .\CortexM0\ARM_GCC_493\Debug\BLE Lab 4.a(BLE_1_bless_isr.o)
                0x0000318c                BLE_1_bless_isr_Disable
 .text.CySysPmSleep
                0x000031a0       0x34 .\CortexM0\ARM_GCC_493\Debug\BLE Lab 4.a(cyPm.o)
                0x000031a0                CySysPmSleep
 .text.CyBLE_Bless_Interrupt
                0x000031d4        0xc .\CortexM0\ARM_GCC_493\Debug\BLE Lab 4.a(BLE_1_HAL_INT.o)
                0x000031d4                CyBLE_Bless_Interrupt
 .text          0x000031e0      0x120 c:/9047software/psoc creator/3.3/psoc creator/import/gnu/arm/4.9.3/bin/../lib/gcc/arm-none-eabi/4.9.3/armv6-m\libgcc.a(_udivsi3.o)
                0x000031e0                __aeabi_uidiv
                0x000031e0                __udivsi3
                0x000032ec                __aeabi_uidivmod
 .text          0x00003300      0x1e0 c:/9047software/psoc creator/3.3/psoc creator/import/gnu/arm/4.9.3/bin/../lib/gcc/arm-none-eabi/4.9.3/armv6-m\libgcc.a(_divsi3.o)
                0x00003300                __divsi3
                0x00003300                __aeabi_idiv
                0x000034cc                __aeabi_idivmod
 .text          0x000034e0        0x4 c:/9047software/psoc creator/3.3/psoc creator/import/gnu/arm/4.9.3/bin/../lib/gcc/arm-none-eabi/4.9.3/armv6-m\libgcc.a(_dvmd_tls.o)
                0x000034e0                __aeabi_idiv0
                0x000034e0                __aeabi_ldiv0
 .text.__libc_init_array
                0x000034e4       0x4c c:/9047software/psoc creator/3.3/psoc creator/import/gnu/arm/4.9.3/bin/../lib/gcc/arm-none-eabi/4.9.3/../../../../arm-none-eabi/lib/armv6-m\libg_nano.a(lib_a-init.o)
                0x000034e4                __libc_init_array
 .text.memcmp   0x00003530       0x1e c:/9047software/psoc creator/3.3/psoc creator/import/gnu/arm/4.9.3/bin/../lib/gcc/arm-none-eabi/4.9.3/../../../../arm-none-eabi/lib/armv6-m\libg_nano.a(lib_a-memcmp.o)
                0x00003530                memcmp
 .text.memcpy   0x0000354e       0x12 c:/9047software/psoc creator/3.3/psoc creator/import/gnu/arm/4.9.3/bin/../lib/gcc/arm-none-eabi/4.9.3/../../../../arm-none-eabi/lib/armv6-m\libg_nano.a(lib_a-memcpy.o)
                0x0000354e                memcpy
 .text.memset   0x00003560       0x10 c:/9047software/psoc creator/3.3/psoc creator/import/gnu/arm/4.9.3/bin/../lib/gcc/arm-none-eabi/4.9.3/../../../../arm-none-eabi/lib/armv6-m\libg_nano.a(lib_a-memset.o)
                0x00003560                memset
 *(.plt)
 *(.gnu.warning)
 *(.glue_7t)
 .glue_7t       0x00000000        0x0 linker stubs
 *(.glue_7)
 .glue_7        0x00000000        0x0 linker stubs
 *(.vfp11_veneer)
 .vfp11_veneer  0x00000000        0x0 linker stubs
 *(.bootloader)
 *(.ARM.extab* .gnu.linkonce.armextab.*)
 *(.gcc_except_table)

.v4_bx          0x00003570        0x0
 .v4_bx         0x00000000        0x0 linker stubs

.iplt           0x00003570        0x0
 .iplt          0x00000000        0x0 c:/9047software/psoc creator/3.3/psoc creator/import/gnu/arm/4.9.3/bin/../lib/gcc/arm-none-eabi/4.9.3/armv6-m/crtbegin.o

i.CyBle_ExitLPM
                0x00003570        0x8
 i.CyBle_ExitLPM
                0x00003570        0x8 C:\9047software\PSoC Creator\3.3\PSoC Creator\psoc\content\cycomponentlibrary\CyComponentLibrary.cylib\BLE_v2_0\Library\gccCyBLEStack_BLE_SOC_PERIPHERAL.a(CyBle.o)
                0x00003570                CyBle_ExitLPM

i.CyBle_ProcessEvents
                0x00003578        0x8
 i.CyBle_ProcessEvents
                0x00003578        0x8 C:\9047software\PSoC Creator\3.3\PSoC Creator\psoc\content\cycomponentlibrary\CyComponentLibrary.cylib\BLE_v2_0\Library\gccCyBLEStack_BLE_SOC_PERIPHERAL.a(CyBle.o)
                0x00003578                CyBle_ProcessEvents

i.CyBle_SetDeviceAddress
                0x00003580       0x24
 i.CyBle_SetDeviceAddress
                0x00003580       0x24 C:\9047software\PSoC Creator\3.3\PSoC Creator\psoc\content\cycomponentlibrary\CyComponentLibrary.cylib\BLE_v2_0\Library\gccCyBLEStack_BLE_SOC_PERIPHERAL.a(CyBle.o)
                0x00003580                CyBle_SetDeviceAddress

i.CyBle_StackInit
                0x000035a4       0x80
 i.CyBle_StackInit
                0x000035a4       0x80 C:\9047software\PSoC Creator\3.3\PSoC Creator\psoc\content\cycomponentlibrary\CyComponentLibrary.cylib\BLE_v2_0\Library\gccCyBLEStack_BLE_SOC_PERIPHERAL.a(CyBle.o)
                0x000035a4                CyBle_StackInit

i.CyBleStackMgr_Init
                0x00003624       0xb4
 i.CyBleStackMgr_Init
                0x00003624       0xb4 C:\9047software\PSoC Creator\3.3\PSoC Creator\psoc\content\cycomponentlibrary\CyComponentLibrary.cylib\BLE_v2_0\Library\gccCyBLEStack_BLE_SOC_PERIPHERAL.a(CyBleStackMgrIP_Interface.o)
                0x00003624                CyBleStackMgr_Init

i.CyBleStackMgr_ProcessBleEvents
                0x000036d8       0x14
 i.CyBleStackMgr_ProcessBleEvents
                0x000036d8       0x14 C:\9047software\PSoC Creator\3.3\PSoC Creator\psoc\content\cycomponentlibrary\CyComponentLibrary.cylib\BLE_v2_0\Library\gccCyBLEStack_BLE_SOC_PERIPHERAL.a(CyBleStackMgrIP_Interface.o)
                0x000036d8                CyBleStackMgr_ProcessBleEvents

i.CyBle_GetHeapMemory
                0x000036ec       0x28
 i.CyBle_GetHeapMemory
                0x000036ec       0x28 C:\9047software\PSoC Creator\3.3\PSoC Creator\psoc\content\cycomponentlibrary\CyComponentLibrary.cylib\BLE_v2_0\Library\gccCyBLEStack_BLE_SOC_PERIPHERAL.a(CyBleStackMgrIP_Interface.o)
                0x000036ec                CyBle_GetHeapMemory

i.CyBle_GetNumAppBufferPools
                0x00003714        0xc
 i.CyBle_GetNumAppBufferPools
                0x00003714        0xc C:\9047software\PSoC Creator\3.3\PSoC Creator\psoc\content\cycomponentlibrary\CyComponentLibrary.cylib\BLE_v2_0\Library\gccCyBLEStack_BLE_SOC_PERIPHERAL.a(CyBleStackMgrIP_Interface.o)
                0x00003714                CyBle_GetNumAppBufferPools

i.CyBle_GetReservedPoolInfo
                0x00003720       0x3c
 i.CyBle_GetReservedPoolInfo
                0x00003720       0x3c C:\9047software\PSoC Creator\3.3\PSoC Creator\psoc\content\cycomponentlibrary\CyComponentLibrary.cylib\BLE_v2_0\Library\gccCyBLEStack_BLE_SOC_PERIPHERAL.a(CyBleStackMgrIP_Interface.o)
                0x00003720                CyBle_GetReservedPoolInfo

i.CyBle_HostStackBufferPoolInit
                0x0000375c       0x7c
 i.CyBle_HostStackBufferPoolInit
                0x0000375c       0x7c C:\9047software\PSoC Creator\3.3\PSoC Creator\psoc\content\cycomponentlibrary\CyComponentLibrary.cylib\BLE_v2_0\Library\gccCyBLEStack_BLE_SOC_PERIPHERAL.a(CyBleStackMgrIP_Interface.o)

i.ble_stack_idle_task_callback
                0x000037d8        0x2
 i.ble_stack_idle_task_callback
                0x000037d8        0x2 C:\9047software\PSoC Creator\3.3\PSoC Creator\psoc\content\cycomponentlibrary\CyComponentLibrary.cylib\BLE_v2_0\Library\gccCyBLEStack_BLE_SOC_PERIPHERAL.a(CyBleStackMgrIP_Interface.o)
                0x000037d8                ble_stack_idle_task_callback

i.BT_OSFreeBuf  0x000037dc       0x20
 i.BT_OSFreeBuf
                0x000037dc       0x20 C:\9047software\PSoC Creator\3.3\PSoC Creator\psoc\content\cycomponentlibrary\CyComponentLibrary.cylib\BLE_v2_0\Library\gccCyBLEStack_BLE_SOC_PERIPHERAL.a(BT_os.o)
                0x000037dc                BT_OSFreeBuf

i.BT_OSGetBuF   0x000037fc       0x30
 i.BT_OSGetBuF  0x000037fc       0x30 C:\9047software\PSoC Creator\3.3\PSoC Creator\psoc\content\cycomponentlibrary\CyComponentLibrary.cylib\BLE_v2_0\Library\gccCyBLEStack_BLE_SOC_PERIPHERAL.a(BT_os.o)
                0x000037fc                BT_OSGetBuF

i.BT_OSMemCreate
                0x0000382c       0x3c
 i.BT_OSMemCreate
                0x0000382c       0x3c C:\9047software\PSoC Creator\3.3\PSoC Creator\psoc\content\cycomponentlibrary\CyComponentLibrary.cylib\BLE_v2_0\Library\gccCyBLEStack_BLE_SOC_PERIPHERAL.a(BT_os.o)
                0x0000382c                BT_OSMemCreate

i.BT_alloc_mem_ext
                0x00003868       0x40
 i.BT_alloc_mem_ext
                0x00003868       0x40 C:\9047software\PSoC Creator\3.3\PSoC Creator\psoc\content\cycomponentlibrary\CyComponentLibrary.cylib\BLE_v2_0\Library\gccCyBLEStack_BLE_SOC_PERIPHERAL.a(BT_os.o)
                0x00003868                BT_alloc_mem_ext

i.BT_buff_alloc_from_cfg_pool_ext
                0x000038a8       0x18
 i.BT_buff_alloc_from_cfg_pool_ext
                0x000038a8       0x18 C:\9047software\PSoC Creator\3.3\PSoC Creator\psoc\content\cycomponentlibrary\CyComponentLibrary.cylib\BLE_v2_0\Library\gccCyBLEStack_BLE_SOC_PERIPHERAL.a(BT_os.o)
                0x000038a8                BT_buff_alloc_from_cfg_pool_ext

i.BT_free_mem   0x000038c0        0xc
 i.BT_free_mem  0x000038c0        0xc C:\9047software\PSoC Creator\3.3\PSoC Creator\psoc\content\cycomponentlibrary\CyComponentLibrary.cylib\BLE_v2_0\Library\gccCyBLEStack_BLE_SOC_PERIPHERAL.a(BT_os.o)
                0x000038c0                BT_free_mem

i.bt_stack_create_buffer_pool
                0x000038cc       0x30
 i.bt_stack_create_buffer_pool
                0x000038cc       0x30 C:\9047software\PSoC Creator\3.3\PSoC Creator\psoc\content\cycomponentlibrary\CyComponentLibrary.cylib\BLE_v2_0\Library\gccCyBLEStack_BLE_SOC_PERIPHERAL.a(BT_os.o)
                0x000038cc                bt_stack_create_buffer_pool

i.CyBle_CheckBleStackTaskStatus
                0x000038fc        0x4
 i.CyBle_CheckBleStackTaskStatus
                0x000038fc        0x4 C:\9047software\PSoC Creator\3.3\PSoC Creator\psoc\content\cycomponentlibrary\CyComponentLibrary.cylib\BLE_v2_0\Library\gccCyBLEStack_BLE_SOC_PERIPHERAL.a(CyBleStackMgr_StackTaskHandler.o)
                0x000038fc                CyBle_CheckBleStackTaskStatus

i.CyBle_CreateBleStackTask
                0x00003900       0x2c
 i.CyBle_CreateBleStackTask
                0x00003900       0x2c C:\9047software\PSoC Creator\3.3\PSoC Creator\psoc\content\cycomponentlibrary\CyComponentLibrary.cylib\BLE_v2_0\Library\gccCyBLEStack_BLE_SOC_PERIPHERAL.a(CyBleStackMgr_StackTaskHandler.o)
                0x00003900                CyBle_CreateBleStackTask

i.CyBle_SignalBleStackTask
                0x0000392c       0x50
 i.CyBle_SignalBleStackTask
                0x0000392c       0x50 C:\9047software\PSoC Creator\3.3\PSoC Creator\psoc\content\cycomponentlibrary\CyComponentLibrary.cylib\BLE_v2_0\Library\gccCyBLEStack_BLE_SOC_PERIPHERAL.a(CyBleStackMgr_StackTaskHandler.o)
                0x0000392c                CyBle_SignalBleStackTask

i.CyBle_StackTaskHandler
                0x0000397c       0x5c
 i.CyBle_StackTaskHandler
                0x0000397c       0x5c C:\9047software\PSoC Creator\3.3\PSoC Creator\psoc\content\cycomponentlibrary\CyComponentLibrary.cylib\BLE_v2_0\Library\gccCyBLEStack_BLE_SOC_PERIPHERAL.a(CyBleStackMgr_StackTaskHandler.o)
                0x0000397c                CyBle_StackTaskHandler

i.__ARM_common_switch8
                0x000039d8       0x1a
 i.__ARM_common_switch8
                0x000039d8       0x1a C:\9047software\PSoC Creator\3.3\PSoC Creator\psoc\content\cycomponentlibrary\CyComponentLibrary.cylib\BLE_v2_0\Library\gccCyBLEStack_BLE_SOC_PERIPHERAL.a(CyBleStackMgr_StackTaskHandler.o)
                0x000039d8                __ARM_common_switch8

i.hci_soft_transport_notify_data_received
                0x000039f4        0xc
 i.hci_soft_transport_notify_data_received
                0x000039f4        0xc C:\9047software\PSoC Creator\3.3\PSoC Creator\psoc\content\cycomponentlibrary\CyComponentLibrary.cylib\BLE_v2_0\Library\gccCyBLEStack_BLE_SOC_PERIPHERAL.a(transport_sf.o)
                0x000039f4                hci_soft_transport_notify_data_received

i.hci_soft_transport_rx_data
                0x00003a00       0x40
 i.hci_soft_transport_rx_data
                0x00003a00       0x40 C:\9047software\PSoC Creator\3.3\PSoC Creator\psoc\content\cycomponentlibrary\CyComponentLibrary.cylib\BLE_v2_0\Library\gccCyBLEStack_BLE_SOC_PERIPHERAL.a(transport_sf.o)
                0x00003a00                hci_soft_transport_rx_data

i.hci_transport_bt_init
                0x00003a40        0x2
 i.hci_transport_bt_init
                0x00003a40        0x2 C:\9047software\PSoC Creator\3.3\PSoC Creator\psoc\content\cycomponentlibrary\CyComponentLibrary.cylib\BLE_v2_0\Library\gccCyBLEStack_BLE_SOC_PERIPHERAL.a(transport_sf.o)
                0x00003a40                hci_transport_bt_init

i.hci_transport_init
                0x00003a44       0x10
 i.hci_transport_init
                0x00003a44       0x10 C:\9047software\PSoC Creator\3.3\PSoC Creator\psoc\content\cycomponentlibrary\CyComponentLibrary.cylib\BLE_v2_0\Library\gccCyBLEStack_BLE_SOC_PERIPHERAL.a(transport_sf.o)
                0x00003a44                hci_transport_init

i.hci_transport_write_data
                0x00003a54       0xd4
 i.hci_transport_write_data
                0x00003a54       0xd4 C:\9047software\PSoC Creator\3.3\PSoC Creator\psoc\content\cycomponentlibrary\CyComponentLibrary.cylib\BLE_v2_0\Library\gccCyBLEStack_BLE_SOC_PERIPHERAL.a(transport_sf.o)
                0x00003a54                hci_transport_write_data

i.pf_hci_soft_transport_write
                0x00003b28       0x44
 i.pf_hci_soft_transport_write
                0x00003b28       0x44 C:\9047software\PSoC Creator\3.3\PSoC Creator\psoc\content\cycomponentlibrary\CyComponentLibrary.cylib\BLE_v2_0\Library\gccCyBLEStack_BLE_SOC_PERIPHERAL.a(transport_sf.o)
                0x00003b28                pf_hci_soft_transport_write

i.pf_soft_hci_transport_init
                0x00003b6c        0xc
 i.pf_soft_hci_transport_init
                0x00003b6c        0xc C:\9047software\PSoC Creator\3.3\PSoC Creator\psoc\content\cycomponentlibrary\CyComponentLibrary.cylib\BLE_v2_0\Library\gccCyBLEStack_BLE_SOC_PERIPHERAL.a(transport_sf.o)
                0x00003b6c                pf_soft_hci_transport_init

i.CyBleStackMgr_GetTime
                0x00003b78       0x14
 i.CyBleStackMgr_GetTime
                0x00003b78       0x14 C:\9047software\PSoC Creator\3.3\PSoC Creator\psoc\content\cycomponentlibrary\CyComponentLibrary.cylib\BLE_v2_0\Library\gccCyBLEStack_BLE_SOC_PERIPHERAL.a(CyBleStackMgr_PSoCHal.o)
                0x00003b78                CyBleStackMgr_GetTime

i.CyBleStackMgr_HalInit
                0x00003b8c       0x24
 i.CyBleStackMgr_HalInit
                0x00003b8c       0x24 C:\9047software\PSoC Creator\3.3\PSoC Creator\psoc\content\cycomponentlibrary\CyComponentLibrary.cylib\BLE_v2_0\Library\gccCyBLEStack_BLE_SOC_PERIPHERAL.a(CyBleStackMgr_PSoCHal.o)
                0x00003b8c                CyBleStackMgr_HalInit

i.CyBleStackMgr_HalIntrEnable
                0x00003bb0        0x8
 i.CyBleStackMgr_HalIntrEnable
                0x00003bb0        0x8 C:\9047software\PSoC Creator\3.3\PSoC Creator\psoc\content\cycomponentlibrary\CyComponentLibrary.cylib\BLE_v2_0\Library\gccCyBLEStack_BLE_SOC_PERIPHERAL.a(CyBleStackMgr_PSoCHal.o)
                0x00003bb0                CyBleStackMgr_HalIntrEnable

i.CyBleStackMgr_HandleLinkLayerTick
                0x00003bb8       0x5c
 i.CyBleStackMgr_HandleLinkLayerTick
                0x00003bb8       0x5c C:\9047software\PSoC Creator\3.3\PSoC Creator\psoc\content\cycomponentlibrary\CyComponentLibrary.cylib\BLE_v2_0\Library\gccCyBLEStack_BLE_SOC_PERIPHERAL.a(CyBleStackMgr_PSoCHal.o)
                0x00003bb8                CyBleStackMgr_HandleLinkLayerTick

i.CyBleStackMgr_HciPortInit
                0x00003c14        0xc
 i.CyBleStackMgr_HciPortInit
                0x00003c14        0xc C:\9047software\PSoC Creator\3.3\PSoC Creator\psoc\content\cycomponentlibrary\CyComponentLibrary.cylib\BLE_v2_0\Library\gccCyBLEStack_BLE_SOC_PERIPHERAL.a(CyBleStackMgr_PSoCHal.o)
                0x00003c14                CyBleStackMgr_HciPortInit

i.CyBleStackMgr_HciPortReset
                0x00003c20        0x2
 i.CyBleStackMgr_HciPortReset
                0x00003c20        0x2 C:\9047software\PSoC Creator\3.3\PSoC Creator\psoc\content\cycomponentlibrary\CyComponentLibrary.cylib\BLE_v2_0\Library\gccCyBLEStack_BLE_SOC_PERIPHERAL.a(CyBleStackMgr_PSoCHal.o)
                0x00003c20                CyBleStackMgr_HciPortReset

i.CyBleStackMgr_HciPortWrite
                0x00003c22        0x8
 i.CyBleStackMgr_HciPortWrite
                0x00003c22        0x8 C:\9047software\PSoC Creator\3.3\PSoC Creator\psoc\content\cycomponentlibrary\CyComponentLibrary.cylib\BLE_v2_0\Library\gccCyBLEStack_BLE_SOC_PERIPHERAL.a(CyBleStackMgr_PSoCHal.o)
                0x00003c22                CyBleStackMgr_HciPortWrite

i.CyBleStackMgr_ResetLinkLayerTimerEntity
                0x00003c2c       0x14
 i.CyBleStackMgr_ResetLinkLayerTimerEntity
                0x00003c2c       0x14 C:\9047software\PSoC Creator\3.3\PSoC Creator\psoc\content\cycomponentlibrary\CyComponentLibrary.cylib\BLE_v2_0\Library\gccCyBLEStack_BLE_SOC_PERIPHERAL.a(CyBleStackMgr_PSoCHal.o)
                0x00003c2c                CyBleStackMgr_ResetLinkLayerTimerEntity

i.CyBleStackMgr_TimerStart
                0x00003c40       0x2c
 i.CyBleStackMgr_TimerStart
                0x00003c40       0x2c C:\9047software\PSoC Creator\3.3\PSoC Creator\psoc\content\cycomponentlibrary\CyComponentLibrary.cylib\BLE_v2_0\Library\gccCyBLEStack_BLE_SOC_PERIPHERAL.a(CyBleStackMgr_PSoCHal.o)
                0x00003c40                CyBleStackMgr_TimerStart

i.CyBleStackMgr_TimerStop
                0x00003c6c       0x18
 i.CyBleStackMgr_TimerStop
                0x00003c6c       0x18 C:\9047software\PSoC Creator\3.3\PSoC Creator\psoc\content\cycomponentlibrary\CyComponentLibrary.cylib\BLE_v2_0\Library\gccCyBLEStack_BLE_SOC_PERIPHERAL.a(CyBleStackMgr_PSoCHal.o)
                0x00003c6c                CyBleStackMgr_TimerStop

i.CyBleStackMgr_isTimerRunning
                0x00003c84       0x10
 i.CyBleStackMgr_isTimerRunning
                0x00003c84       0x10 C:\9047software\PSoC Creator\3.3\PSoC Creator\psoc\content\cycomponentlibrary\CyComponentLibrary.cylib\BLE_v2_0\Library\gccCyBLEStack_BLE_SOC_PERIPHERAL.a(CyBleStackMgr_PSoCHal.o)
                0x00003c84                CyBleStackMgr_isTimerRunning

i.CyBleAtlantisRadioInit
                0x00003c94      0x150
 i.CyBleAtlantisRadioInit
                0x00003c94      0x150 C:\9047software\PSoC Creator\3.3\PSoC Creator\psoc\content\cycomponentlibrary\CyComponentLibrary.cylib\BLE_v2_0\Library\gccCyBLEStack_BLE_SOC_PERIPHERAL.a(CyBleStackMgr_BleSSDriver.o)

i.CyBleStackMgr_BleSSFifoRead
                0x00003de4       0x38
 i.CyBleStackMgr_BleSSFifoRead
                0x00003de4       0x38 C:\9047software\PSoC Creator\3.3\PSoC Creator\psoc\content\cycomponentlibrary\CyComponentLibrary.cylib\BLE_v2_0\Library\gccCyBLEStack_BLE_SOC_PERIPHERAL.a(CyBleStackMgr_BleSSDriver.o)
                0x00003de4                CyBleStackMgr_BleSSFifoRead

i.CyBleStackMgr_BleSSFifoWrite
                0x00003e1c       0x30
 i.CyBleStackMgr_BleSSFifoWrite
                0x00003e1c       0x30 C:\9047software\PSoC Creator\3.3\PSoC Creator\psoc\content\cycomponentlibrary\CyComponentLibrary.cylib\BLE_v2_0\Library\gccCyBLEStack_BLE_SOC_PERIPHERAL.a(CyBleStackMgr_BleSSDriver.o)
                0x00003e1c                CyBleStackMgr_BleSSFifoWrite

i.CyBleStackMgr_BleSSInit
                0x00003e4c       0x50
 i.CyBleStackMgr_BleSSInit
                0x00003e4c       0x50 C:\9047software\PSoC Creator\3.3\PSoC Creator\psoc\content\cycomponentlibrary\CyComponentLibrary.cylib\BLE_v2_0\Library\gccCyBLEStack_BLE_SOC_PERIPHERAL.a(CyBleStackMgr_BleSSDriver.o)
                0x00003e4c                CyBleStackMgr_BleSSInit

i.CyBleStackMgr_BleSSMemRead
                0x00003e9c       0x26
 i.CyBleStackMgr_BleSSMemRead
                0x00003e9c       0x26 C:\9047software\PSoC Creator\3.3\PSoC Creator\psoc\content\cycomponentlibrary\CyComponentLibrary.cylib\BLE_v2_0\Library\gccCyBLEStack_BLE_SOC_PERIPHERAL.a(CyBleStackMgr_BleSSDriver.o)
                0x00003e9c                CyBleStackMgr_BleSSMemRead

i.CyBleStackMgr_BleSSMemWrite
                0x00003ec4       0x34
 i.CyBleStackMgr_BleSSMemWrite
                0x00003ec4       0x34 C:\9047software\PSoC Creator\3.3\PSoC Creator\psoc\content\cycomponentlibrary\CyComponentLibrary.cylib\BLE_v2_0\Library\gccCyBLEStack_BLE_SOC_PERIPHERAL.a(CyBleStackMgr_BleSSDriver.o)
                0x00003ec4                CyBleStackMgr_BleSSMemWrite

i.CyBleStackMgr_BleSSRegRead
                0x00003ef8        0xc
 i.CyBleStackMgr_BleSSRegRead
                0x00003ef8        0xc C:\9047software\PSoC Creator\3.3\PSoC Creator\psoc\content\cycomponentlibrary\CyComponentLibrary.cylib\BLE_v2_0\Library\gccCyBLEStack_BLE_SOC_PERIPHERAL.a(CyBleStackMgr_BleSSDriver.o)
                0x00003ef8                CyBleStackMgr_BleSSRegRead

i.CyBleStackMgr_BleSSRegWrite
                0x00003f04        0xc
 i.CyBleStackMgr_BleSSRegWrite
                0x00003f04        0xc C:\9047software\PSoC Creator\3.3\PSoC Creator\psoc\content\cycomponentlibrary\CyComponentLibrary.cylib\BLE_v2_0\Library\gccCyBLEStack_BLE_SOC_PERIPHERAL.a(CyBleStackMgr_BleSSDriver.o)
                0x00003f04                CyBleStackMgr_BleSSRegWrite

i.CyBleStackMgr_BleSSReset
                0x00003f10       0x38
 i.CyBleStackMgr_BleSSReset
                0x00003f10       0x38 C:\9047software\PSoC Creator\3.3\PSoC Creator\psoc\content\cycomponentlibrary\CyComponentLibrary.cylib\BLE_v2_0\Library\gccCyBLEStack_BLE_SOC_PERIPHERAL.a(CyBleStackMgr_BleSSDriver.o)
                0x00003f10                CyBleStackMgr_BleSSReset

i.CyBleStackMgr_GenericIface
                0x00003f48       0x3c
 i.CyBleStackMgr_GenericIface
                0x00003f48       0x3c C:\9047software\PSoC Creator\3.3\PSoC Creator\psoc\content\cycomponentlibrary\CyComponentLibrary.cylib\BLE_v2_0\Library\gccCyBLEStack_BLE_SOC_PERIPHERAL.a(CyBleStackMgr_BleSSDriver.o)
                0x00003f48                CyBleStackMgr_GenericIface

i.CyBleStackMgr_HandleBleSSIntr
                0x00003f84       0x90
 i.CyBleStackMgr_HandleBleSSIntr
                0x00003f84       0x90 C:\9047software\PSoC Creator\3.3\PSoC Creator\psoc\content\cycomponentlibrary\CyComponentLibrary.cylib\BLE_v2_0\Library\gccCyBLEStack_BLE_SOC_PERIPHERAL.a(CyBleStackMgr_BleSSDriver.o)
                0x00003f84                CyBleStackMgr_HandleBleSSIntr

i.CyBleStackMgr_SetClockParam
                0x00004014       0xb4
 i.CyBleStackMgr_SetClockParam
                0x00004014       0xb4 C:\9047software\PSoC Creator\3.3\PSoC Creator\psoc\content\cycomponentlibrary\CyComponentLibrary.cylib\BLE_v2_0\Library\gccCyBLEStack_BLE_SOC_PERIPHERAL.a(CyBleStackMgr_BleSSDriver.o)

i.CyBle_ExitDsmMode
                0x000040c8       0x2c
 i.CyBle_ExitDsmMode
                0x000040c8       0x2c C:\9047software\PSoC Creator\3.3\PSoC Creator\psoc\content\cycomponentlibrary\CyComponentLibrary.cylib\BLE_v2_0\Library\gccCyBLEStack_BLE_SOC_PERIPHERAL.a(CyBleStackMgr_BleSSDriver.o)
                0x000040c8                CyBle_ExitDsmMode

i.CyBle_GetBleSsOperationalMode
                0x000040f4        0xc
 i.CyBle_GetBleSsOperationalMode
                0x000040f4        0xc C:\9047software\PSoC Creator\3.3\PSoC Creator\psoc\content\cycomponentlibrary\CyComponentLibrary.cylib\BLE_v2_0\Library\gccCyBLEStack_BLE_SOC_PERIPHERAL.a(CyBleStackMgr_BleSSDriver.o)
                0x000040f4                CyBle_GetBleSsOperationalMode

i.CyBle_GetLpMode
                0x00004100       0x26
 i.CyBle_GetLpMode
                0x00004100       0x26 C:\9047software\PSoC Creator\3.3\PSoC Creator\psoc\content\cycomponentlibrary\CyComponentLibrary.cylib\BLE_v2_0\Library\gccCyBLEStack_BLE_SOC_PERIPHERAL.a(CyBleStackMgr_BleSSDriver.o)
                0x00004100                CyBle_GetLpMode

i.CyBle_GetTxGainMode
                0x00004128       0x2c
 i.CyBle_GetTxGainMode
                0x00004128       0x2c C:\9047software\PSoC Creator\3.3\PSoC Creator\psoc\content\cycomponentlibrary\CyComponentLibrary.cylib\BLE_v2_0\Library\gccCyBLEStack_BLE_SOC_PERIPHERAL.a(CyBleStackMgr_BleSSDriver.o)
                0x00004128                CyBle_GetTxGainMode

i.CyBle_SetBleSsOperationalMode
                0x00004154       0x20
 i.CyBle_SetBleSsOperationalMode
                0x00004154       0x20 C:\9047software\PSoC Creator\3.3\PSoC Creator\psoc\content\cycomponentlibrary\CyComponentLibrary.cylib\BLE_v2_0\Library\gccCyBLEStack_BLE_SOC_PERIPHERAL.a(CyBleStackMgr_BleSSDriver.o)
                0x00004154                CyBle_SetBleSsOperationalMode

i.CyBle_SetEventCloseState
                0x00004174        0xc
 i.CyBle_SetEventCloseState
                0x00004174        0xc C:\9047software\PSoC Creator\3.3\PSoC Creator\psoc\content\cycomponentlibrary\CyComponentLibrary.cylib\BLE_v2_0\Library\gccCyBLEStack_BLE_SOC_PERIPHERAL.a(CyBleStackMgr_BleSSDriver.o)
                0x00004174                CyBle_SetEventCloseState

i.CyBle_SetRxGainMode
                0x00004180       0x20
 i.CyBle_SetRxGainMode
                0x00004180       0x20 C:\9047software\PSoC Creator\3.3\PSoC Creator\psoc\content\cycomponentlibrary\CyComponentLibrary.cylib\BLE_v2_0\Library\gccCyBLEStack_BLE_SOC_PERIPHERAL.a(CyBleStackMgr_BleSSDriver.o)
                0x00004180                CyBle_SetRxGainMode

i.CyBle_SetTxGainMode
                0x000041a0       0x38
 i.CyBle_SetTxGainMode
                0x000041a0       0x38 C:\9047software\PSoC Creator\3.3\PSoC Creator\psoc\content\cycomponentlibrary\CyComponentLibrary.cylib\BLE_v2_0\Library\gccCyBLEStack_BLE_SOC_PERIPHERAL.a(CyBleStackMgr_BleSSDriver.o)
                0x000041a0                CyBle_SetTxGainMode

i.pf_rf_get_abs_rssi
                0x000041d8       0x24
 i.pf_rf_get_abs_rssi
                0x000041d8       0x24 C:\9047software\PSoC Creator\3.3\PSoC Creator\psoc\content\cycomponentlibrary\CyComponentLibrary.cylib\BLE_v2_0\Library\gccCyBLEStack_BLE_SOC_PERIPHERAL.a(CyBleStackMgr_BleSSDriver.o)
                0x000041d8                pf_rf_get_abs_rssi

i.OS_init       0x000041fc       0x64
 i.OS_init      0x000041fc       0x64 C:\9047software\PSoC Creator\3.3\PSoC Creator\psoc\content\cycomponentlibrary\CyComponentLibrary.cylib\BLE_v2_0\Library\gccCyBLEStack_BLE_SOC_PERIPHERAL.a(mint_os.o)
                0x000041fc                OS_init

i.mintos_malloc
                0x00004260       0x34
 i.mintos_malloc
                0x00004260       0x34 C:\9047software\PSoC Creator\3.3\PSoC Creator\psoc\content\cycomponentlibrary\CyComponentLibrary.cylib\BLE_v2_0\Library\gccCyBLEStack_BLE_SOC_PERIPHERAL.a(mint_os.o)
                0x00004260                mintos_malloc

i.OS_create_queue
                0x00004294       0x64
 i.OS_create_queue
                0x00004294       0x64 C:\9047software\PSoC Creator\3.3\PSoC Creator\psoc\content\cycomponentlibrary\CyComponentLibrary.cylib\BLE_v2_0\Library\gccCyBLEStack_BLE_SOC_PERIPHERAL.a(mint_os_queue.o)
                0x00004294                OS_create_queue

i.OS_enqueue_item
                0x000042f8       0x8c
 i.OS_enqueue_item
                0x000042f8       0x8c C:\9047software\PSoC Creator\3.3\PSoC Creator\psoc\content\cycomponentlibrary\CyComponentLibrary.cylib\BLE_v2_0\Library\gccCyBLEStack_BLE_SOC_PERIPHERAL.a(mint_os_queue.o)
                0x000042f8                OS_enqueue_item

i.OS_queue_get_num_of_items
                0x00004384       0x28
 i.OS_queue_get_num_of_items
                0x00004384       0x28 C:\9047software\PSoC Creator\3.3\PSoC Creator\psoc\content\cycomponentlibrary\CyComponentLibrary.cylib\BLE_v2_0\Library\gccCyBLEStack_BLE_SOC_PERIPHERAL.a(mint_os_queue.o)
                0x00004384                OS_queue_get_num_of_items

i.OS_queue_mgmt_init
                0x000043ac       0x40
 i.OS_queue_mgmt_init
                0x000043ac       0x40 C:\9047software\PSoC Creator\3.3\PSoC Creator\psoc\content\cycomponentlibrary\CyComponentLibrary.cylib\BLE_v2_0\Library\gccCyBLEStack_BLE_SOC_PERIPHERAL.a(mint_os_queue.o)
                0x000043ac                OS_queue_mgmt_init

i.OS_remove_item
                0x000043ec       0xa0
 i.OS_remove_item
                0x000043ec       0xa0 C:\9047software\PSoC Creator\3.3\PSoC Creator\psoc\content\cycomponentlibrary\CyComponentLibrary.cylib\BLE_v2_0\Library\gccCyBLEStack_BLE_SOC_PERIPHERAL.a(mint_os_queue.o)
                0x000043ec                OS_remove_item

i.OS_create_task
                0x0000448c       0x88
 i.OS_create_task
                0x0000448c       0x88 C:\9047software\PSoC Creator\3.3\PSoC Creator\psoc\content\cycomponentlibrary\CyComponentLibrary.cylib\BLE_v2_0\Library\gccCyBLEStack_BLE_SOC_PERIPHERAL.a(mint_os_task.o)
                0x0000448c                OS_create_task

i.OS_isr_send_signal_to_task
                0x00004514        0xc
 i.OS_isr_send_signal_to_task
                0x00004514        0xc C:\9047software\PSoC Creator\3.3\PSoC Creator\psoc\content\cycomponentlibrary\CyComponentLibrary.cylib\BLE_v2_0\Library\gccCyBLEStack_BLE_SOC_PERIPHERAL.a(mint_os_task.o)
                0x00004514                OS_isr_send_signal_to_task

i.OS_scheduler  0x00004520       0x64
 i.OS_scheduler
                0x00004520       0x64 C:\9047software\PSoC Creator\3.3\PSoC Creator\psoc\content\cycomponentlibrary\CyComponentLibrary.cylib\BLE_v2_0\Library\gccCyBLEStack_BLE_SOC_PERIPHERAL.a(mint_os_task.o)
                0x00004520                OS_scheduler

i.OS_send_signal_to_task
                0x00004584        0xc
 i.OS_send_signal_to_task
                0x00004584        0xc C:\9047software\PSoC Creator\3.3\PSoC Creator\psoc\content\cycomponentlibrary\CyComponentLibrary.cylib\BLE_v2_0\Library\gccCyBLEStack_BLE_SOC_PERIPHERAL.a(mint_os_task.o)
                0x00004584                OS_send_signal_to_task

i.OS_send_signal_to_task_context
                0x00004590       0x3c
 i.OS_send_signal_to_task_context
                0x00004590       0x3c C:\9047software\PSoC Creator\3.3\PSoC Creator\psoc\content\cycomponentlibrary\CyComponentLibrary.cylib\BLE_v2_0\Library\gccCyBLEStack_BLE_SOC_PERIPHERAL.a(mint_os_task.o)

i.OS_task_mgmt_init
                0x000045cc       0x50
 i.OS_task_mgmt_init
                0x000045cc       0x50 C:\9047software\PSoC Creator\3.3\PSoC Creator\psoc\content\cycomponentlibrary\CyComponentLibrary.cylib\BLE_v2_0\Library\gccCyBLEStack_BLE_SOC_PERIPHERAL.a(mint_os_task.o)
                0x000045cc                OS_task_mgmt_init

i.mint_buf_mgmt_allocate_buffer
                0x0000461c       0x4c
 i.mint_buf_mgmt_allocate_buffer
                0x0000461c       0x4c C:\9047software\PSoC Creator\3.3\PSoC Creator\psoc\content\cycomponentlibrary\CyComponentLibrary.cylib\BLE_v2_0\Library\gccCyBLEStack_BLE_SOC_PERIPHERAL.a(mint_buf_mgmt.o)
                0x0000461c                mint_buf_mgmt_allocate_buffer

i.mint_buf_mgmt_create_pool
                0x00004668       0xd0
 i.mint_buf_mgmt_create_pool
                0x00004668       0xd0 C:\9047software\PSoC Creator\3.3\PSoC Creator\psoc\content\cycomponentlibrary\CyComponentLibrary.cylib\BLE_v2_0\Library\gccCyBLEStack_BLE_SOC_PERIPHERAL.a(mint_buf_mgmt.o)
                0x00004668                mint_buf_mgmt_create_pool

i.mint_buf_mgmt_free_buffer
                0x00004738       0xa4
 i.mint_buf_mgmt_free_buffer
                0x00004738       0xa4 C:\9047software\PSoC Creator\3.3\PSoC Creator\psoc\content\cycomponentlibrary\CyComponentLibrary.cylib\BLE_v2_0\Library\gccCyBLEStack_BLE_SOC_PERIPHERAL.a(mint_buf_mgmt.o)
                0x00004738                mint_buf_mgmt_free_buffer

i.mint_buf_mgmt_init
                0x000047dc       0x44
 i.mint_buf_mgmt_init
                0x000047dc       0x44 C:\9047software\PSoC Creator\3.3\PSoC Creator\psoc\content\cycomponentlibrary\CyComponentLibrary.cylib\BLE_v2_0\Library\gccCyBLEStack_BLE_SOC_PERIPHERAL.a(mint_buf_mgmt.o)
                0x000047dc                mint_buf_mgmt_init

i.mint_buf_mgmt_malloc
                0x00004820       0x2c
 i.mint_buf_mgmt_malloc
                0x00004820       0x2c C:\9047software\PSoC Creator\3.3\PSoC Creator\psoc\content\cycomponentlibrary\CyComponentLibrary.cylib\BLE_v2_0\Library\gccCyBLEStack_BLE_SOC_PERIPHERAL.a(mint_buf_mgmt.o)
                0x00004820                mint_buf_mgmt_malloc

i.mint_buf_mgmt_pl_init
                0x0000484c       0x40
 i.mint_buf_mgmt_pl_init
                0x0000484c       0x40 C:\9047software\PSoC Creator\3.3\PSoC Creator\psoc\content\cycomponentlibrary\CyComponentLibrary.cylib\BLE_v2_0\Library\gccCyBLEStack_BLE_SOC_PERIPHERAL.a(mint_buf_mgmt.o)
                0x0000484c                mint_buf_mgmt_pl_init

i.mint_buf_mgmt_reset_pool
                0x0000488c       0x70
 i.mint_buf_mgmt_reset_pool
                0x0000488c       0x70 C:\9047software\PSoC Creator\3.3\PSoC Creator\psoc\content\cycomponentlibrary\CyComponentLibrary.cylib\BLE_v2_0\Library\gccCyBLEStack_BLE_SOC_PERIPHERAL.a(mint_buf_mgmt.o)
                0x0000488c                mint_buf_mgmt_reset_pool

i.mint_buf_mgmt_stack_init
                0x000048fc       0x24
 i.mint_buf_mgmt_stack_init
                0x000048fc       0x24 C:\9047software\PSoC Creator\3.3\PSoC Creator\psoc\content\cycomponentlibrary\CyComponentLibrary.cylib\BLE_v2_0\Library\gccCyBLEStack_BLE_SOC_PERIPHERAL.a(mint_buf_mgmt.o)
                0x000048fc                mint_buf_mgmt_stack_init

i.mint_buf_mgmt_stack_pop
                0x00004920       0x36
 i.mint_buf_mgmt_stack_pop
                0x00004920       0x36 C:\9047software\PSoC Creator\3.3\PSoC Creator\psoc\content\cycomponentlibrary\CyComponentLibrary.cylib\BLE_v2_0\Library\gccCyBLEStack_BLE_SOC_PERIPHERAL.a(mint_buf_mgmt.o)
                0x00004920                mint_buf_mgmt_stack_pop

i.mint_buf_mgmt_stack_push
                0x00004956       0x36
 i.mint_buf_mgmt_stack_push
                0x00004956       0x36 C:\9047software\PSoC Creator\3.3\PSoC Creator\psoc\content\cycomponentlibrary\CyComponentLibrary.cylib\BLE_v2_0\Library\gccCyBLEStack_BLE_SOC_PERIPHERAL.a(mint_buf_mgmt.o)
                0x00004956                mint_buf_mgmt_stack_push

i.mint_buf_mgmt_stack_reset
                0x0000498c       0x1e
 i.mint_buf_mgmt_stack_reset
                0x0000498c       0x1e C:\9047software\PSoC Creator\3.3\PSoC Creator\psoc\content\cycomponentlibrary\CyComponentLibrary.cylib\BLE_v2_0\Library\gccCyBLEStack_BLE_SOC_PERIPHERAL.a(mint_buf_mgmt.o)
                0x0000498c                mint_buf_mgmt_stack_reset

i.mint_buf_mgmt_stack_search_item
                0x000049aa       0x30
 i.mint_buf_mgmt_stack_search_item
                0x000049aa       0x30 C:\9047software\PSoC Creator\3.3\PSoC Creator\psoc\content\cycomponentlibrary\CyComponentLibrary.cylib\BLE_v2_0\Library\gccCyBLEStack_BLE_SOC_PERIPHERAL.a(mint_buf_mgmt.o)
                0x000049aa                mint_buf_mgmt_stack_search_item

i.CyBleControllerIP_GetPingState
                0x000049dc        0xc
 i.CyBleControllerIP_GetPingState
                0x000049dc        0xc C:\9047software\PSoC Creator\3.3\PSoC Creator\psoc\content\cycomponentlibrary\CyComponentLibrary.cylib\BLE_v2_0\Library\gccCyBLEStack_BLE_SOC_PERIPHERAL.a(CyBleControllerIP_Interface.o)
                0x000049dc                CyBleControllerIP_GetPingState

i.CyBleController_AddDeviceToWhiteList
                0x000049e8       0x40
 i.CyBleController_AddDeviceToWhiteList
                0x000049e8       0x40 C:\9047software\PSoC Creator\3.3\PSoC Creator\psoc\content\cycomponentlibrary\CyComponentLibrary.cylib\BLE_v2_0\Library\gccCyBLEStack_BLE_SOC_PERIPHERAL.a(CyBleControllerIP_Interface.o)
                0x000049e8                CyBleController_AddDeviceToWhiteList

i.CyBleController_ExitLowPowerMode
                0x00004a28       0x10
 i.CyBleController_ExitLowPowerMode
                0x00004a28       0x10 C:\9047software\PSoC Creator\3.3\PSoC Creator\psoc\content\cycomponentlibrary\CyComponentLibrary.cylib\BLE_v2_0\Library\gccCyBLEStack_BLE_SOC_PERIPHERAL.a(CyBleControllerIP_Interface.o)
                0x00004a28                CyBleController_ExitLowPowerMode

i.CyBleController_Init
                0x00004a38       0x32
 i.CyBleController_Init
                0x00004a38       0x32 C:\9047software\PSoC Creator\3.3\PSoC Creator\psoc\content\cycomponentlibrary\CyComponentLibrary.cylib\BLE_v2_0\Library\gccCyBLEStack_BLE_SOC_PERIPHERAL.a(CyBleControllerIP_Interface.o)
                0x00004a38                CyBleController_Init

i.CyBleController_SetDeviceAddress
                0x00004a6a       0x2e
 i.CyBleController_SetDeviceAddress
                0x00004a6a       0x2e C:\9047software\PSoC Creator\3.3\PSoC Creator\psoc\content\cycomponentlibrary\CyComponentLibrary.cylib\BLE_v2_0\Library\gccCyBLEStack_BLE_SOC_PERIPHERAL.a(CyBleControllerIP_Interface.o)
                0x00004a6a                CyBleController_SetDeviceAddress

i.CyBle_GetTxPowerLevel
                0x00004a98       0x4e
 i.CyBle_GetTxPowerLevel
                0x00004a98       0x4e C:\9047software\PSoC Creator\3.3\PSoC Creator\psoc\content\cycomponentlibrary\CyComponentLibrary.cylib\BLE_v2_0\Library\gccCyBLEStack_BLE_SOC_PERIPHERAL.a(CyBleControllerIP_Interface.o)
                0x00004a98                CyBle_GetTxPowerLevel

i.CyBle_SetTxPowerLevel
                0x00004ae6       0x56
 i.CyBle_SetTxPowerLevel
                0x00004ae6       0x56 C:\9047software\PSoC Creator\3.3\PSoC Creator\psoc\content\cycomponentlibrary\CyComponentLibrary.cylib\BLE_v2_0\Library\gccCyBLEStack_BLE_SOC_PERIPHERAL.a(CyBleControllerIP_Interface.o)
                0x00004ae6                CyBle_SetTxPowerLevel

i.ll_check_and_mark_packet_ready_for_transmission
                0x00004b3c       0x28
 i.ll_check_and_mark_packet_ready_for_transmission
                0x00004b3c       0x28 C:\9047software\PSoC Creator\3.3\PSoC Creator\psoc\content\cycomponentlibrary\CyComponentLibrary.cylib\BLE_v2_0\Library\gccCyBLEStack_BLE_SOC_PERIPHERAL.a(ll.o)
                0x00004b3c                ll_check_and_mark_packet_ready_for_transmission

i.ll_cleanup_pending_data_pdu
                0x00004b64       0x38
 i.ll_cleanup_pending_data_pdu
                0x00004b64       0x38 C:\9047software\PSoC Creator\3.3\PSoC Creator\psoc\content\cycomponentlibrary\CyComponentLibrary.cylib\BLE_v2_0\Library\gccCyBLEStack_BLE_SOC_PERIPHERAL.a(ll.o)
                0x00004b64                ll_cleanup_pending_data_pdu

i.ll_exit_low_power_mode
                0x00004b9c       0xac
 i.ll_exit_low_power_mode
                0x00004b9c       0xac C:\9047software\PSoC Creator\3.3\PSoC Creator\psoc\content\cycomponentlibrary\CyComponentLibrary.cylib\BLE_v2_0\Library\gccCyBLEStack_BLE_SOC_PERIPHERAL.a(ll.o)
                0x00004b9c                ll_exit_low_power_mode

i.ll_get_ack_status
                0x00004c48       0x3c
 i.ll_get_ack_status
                0x00004c48       0x3c C:\9047software\PSoC Creator\3.3\PSoC Creator\psoc\content\cycomponentlibrary\CyComponentLibrary.cylib\BLE_v2_0\Library\gccCyBLEStack_BLE_SOC_PERIPHERAL.a(ll.o)
                0x00004c48                ll_get_ack_status

i.ll_get_adv_ch_tx_power
                0x00004c84       0x20
 i.ll_get_adv_ch_tx_power
                0x00004c84       0x20 C:\9047software\PSoC Creator\3.3\PSoC Creator\psoc\content\cycomponentlibrary\CyComponentLibrary.cylib\BLE_v2_0\Library\gccCyBLEStack_BLE_SOC_PERIPHERAL.a(ll.o)
                0x00004c84                ll_get_adv_ch_tx_power

i.ll_get_data_channel_map
                0x00004ca4       0x24
 i.ll_get_data_channel_map
                0x00004ca4       0x24 C:\9047software\PSoC Creator\3.3\PSoC Creator\psoc\content\cycomponentlibrary\CyComponentLibrary.cylib\BLE_v2_0\Library\gccCyBLEStack_BLE_SOC_PERIPHERAL.a(ll.o)
                0x00004ca4                ll_get_data_channel_map

i.ll_get_max_white_list_size
                0x00004cc8        0xc
 i.ll_get_max_white_list_size
                0x00004cc8        0xc C:\9047software\PSoC Creator\3.3\PSoC Creator\psoc\content\cycomponentlibrary\CyComponentLibrary.cylib\BLE_v2_0\Library\gccCyBLEStack_BLE_SOC_PERIPHERAL.a(ll.o)
                0x00004cc8                ll_get_max_white_list_size

i.ll_get_my_role
                0x00004cd4        0xc
 i.ll_get_my_role
                0x00004cd4        0xc C:\9047software\PSoC Creator\3.3\PSoC Creator\psoc\content\cycomponentlibrary\CyComponentLibrary.cylib\BLE_v2_0\Library\gccCyBLEStack_BLE_SOC_PERIPHERAL.a(ll.o)
                0x00004cd4                ll_get_my_role

i.ll_get_next_available_fifo_for_data_pdu
                0x00004ce0        0x8
 i.ll_get_next_available_fifo_for_data_pdu
                0x00004ce0        0x8 C:\9047software\PSoC Creator\3.3\PSoC Creator\psoc\content\cycomponentlibrary\CyComponentLibrary.cylib\BLE_v2_0\Library\gccCyBLEStack_BLE_SOC_PERIPHERAL.a(ll.o)
                0x00004ce0                ll_get_next_available_fifo_for_data_pdu

i.ll_get_next_available_fifo_for_ll_pdu
                0x00004ce8       0x24
 i.ll_get_next_available_fifo_for_ll_pdu
                0x00004ce8       0x24 C:\9047software\PSoC Creator\3.3\PSoC Creator\psoc\content\cycomponentlibrary\CyComponentLibrary.cylib\BLE_v2_0\Library\gccCyBLEStack_BLE_SOC_PERIPHERAL.a(ll.o)
                0x00004ce8                ll_get_next_available_fifo_for_ll_pdu

i.ll_get_rssi_value
                0x00004d0c       0x26
 i.ll_get_rssi_value
                0x00004d0c       0x26 C:\9047software\PSoC Creator\3.3\PSoC Creator\psoc\content\cycomponentlibrary\CyComponentLibrary.cylib\BLE_v2_0\Library\gccCyBLEStack_BLE_SOC_PERIPHERAL.a(ll.o)
                0x00004d0c                ll_get_rssi_value

i.ll_get_transmit_power_level
                0x00004d34       0x2c
 i.ll_get_transmit_power_level
                0x00004d34       0x2c C:\9047software\PSoC Creator\3.3\PSoC Creator\psoc\content\cycomponentlibrary\CyComponentLibrary.cylib\BLE_v2_0\Library\gccCyBLEStack_BLE_SOC_PERIPHERAL.a(ll.o)
                0x00004d34                ll_get_transmit_power_level

i.ll_handle_ack_received
                0x00004d60       0x74
 i.ll_handle_ack_received
                0x00004d60       0x74 C:\9047software\PSoC Creator\3.3\PSoC Creator\psoc\content\cycomponentlibrary\CyComponentLibrary.cylib\BLE_v2_0\Library\gccCyBLEStack_BLE_SOC_PERIPHERAL.a(ll.o)
                0x00004d60                ll_handle_ack_received

i.ll_handle_add_device_in_whitelist
                0x00004dd4       0x3a
 i.ll_handle_add_device_in_whitelist
                0x00004dd4       0x3a C:\9047software\PSoC Creator\3.3\PSoC Creator\psoc\content\cycomponentlibrary\CyComponentLibrary.cylib\BLE_v2_0\Library\gccCyBLEStack_BLE_SOC_PERIPHERAL.a(ll.o)
                0x00004dd4                ll_handle_add_device_in_whitelist

i.ll_handle_clear_whitelist
                0x00004e0e       0x16
 i.ll_handle_clear_whitelist
                0x00004e0e       0x16 C:\9047software\PSoC Creator\3.3\PSoC Creator\psoc\content\cycomponentlibrary\CyComponentLibrary.cylib\BLE_v2_0\Library\gccCyBLEStack_BLE_SOC_PERIPHERAL.a(ll.o)
                0x00004e0e                ll_handle_clear_whitelist

i.ll_handle_encrypt_host_data
                0x00004e24       0x36
 i.ll_handle_encrypt_host_data
                0x00004e24       0x36 C:\9047software\PSoC Creator\3.3\PSoC Creator\psoc\content\cycomponentlibrary\CyComponentLibrary.cylib\BLE_v2_0\Library\gccCyBLEStack_BLE_SOC_PERIPHERAL.a(ll.o)
                0x00004e24                ll_handle_encrypt_host_data

i.ll_handle_host_data_packet
                0x00004e5a       0x54
 i.ll_handle_host_data_packet
                0x00004e5a       0x54 C:\9047software\PSoC Creator\3.3\PSoC Creator\psoc\content\cycomponentlibrary\CyComponentLibrary.cylib\BLE_v2_0\Library\gccCyBLEStack_BLE_SOC_PERIPHERAL.a(ll.o)
                0x00004e5a                ll_handle_host_data_packet

i.ll_handle_read_host_channel_map
                0x00004eae        0x4
 i.ll_handle_read_host_channel_map
                0x00004eae        0x4 C:\9047software\PSoC Creator\3.3\PSoC Creator\psoc\content\cycomponentlibrary\CyComponentLibrary.cylib\BLE_v2_0\Library\gccCyBLEStack_BLE_SOC_PERIPHERAL.a(ll.o)
                0x00004eae                ll_handle_read_host_channel_map

i.ll_handle_remove_device_in_whitelist
                0x00004eb2       0x2a
 i.ll_handle_remove_device_in_whitelist
                0x00004eb2       0x2a C:\9047software\PSoC Creator\3.3\PSoC Creator\psoc\content\cycomponentlibrary\CyComponentLibrary.cylib\BLE_v2_0\Library\gccCyBLEStack_BLE_SOC_PERIPHERAL.a(ll.o)
                0x00004eb2                ll_handle_remove_device_in_whitelist

i.ll_handle_reset
                0x00004edc        0xe
 i.ll_handle_reset
                0x00004edc        0xe C:\9047software\PSoC Creator\3.3\PSoC Creator\psoc\content\cycomponentlibrary\CyComponentLibrary.cylib\BLE_v2_0\Library\gccCyBLEStack_BLE_SOC_PERIPHERAL.a(ll.o)
                0x00004edc                ll_handle_reset

i.ll_handle_set_random_address
                0x00004eea       0x36
 i.ll_handle_set_random_address
                0x00004eea       0x36 C:\9047software\PSoC Creator\3.3\PSoC Creator\psoc\content\cycomponentlibrary\CyComponentLibrary.cylib\BLE_v2_0\Library\gccCyBLEStack_BLE_SOC_PERIPHERAL.a(ll.o)
                0x00004eea                ll_handle_set_random_address

i.ll_init       0x00004f20       0x18
 i.ll_init      0x00004f20       0x18 C:\9047software\PSoC Creator\3.3\PSoC Creator\psoc\content\cycomponentlibrary\CyComponentLibrary.cylib\BLE_v2_0\Library\gccCyBLEStack_BLE_SOC_PERIPHERAL.a(ll.o)
                0x00004f20                ll_init

i.ll_initialize_device_attributes
                0x00004f38       0x4c
 i.ll_initialize_device_attributes
                0x00004f38       0x4c C:\9047software\PSoC Creator\3.3\PSoC Creator\psoc\content\cycomponentlibrary\CyComponentLibrary.cylib\BLE_v2_0\Library\gccCyBLEStack_BLE_SOC_PERIPHERAL.a(ll.o)
                0x00004f38                ll_initialize_device_attributes

i.ll_is_pkt_pending
                0x00004f84       0x2a
 i.ll_is_pkt_pending
                0x00004f84       0x2a C:\9047software\PSoC Creator\3.3\PSoC Creator\psoc\content\cycomponentlibrary\CyComponentLibrary.cylib\BLE_v2_0\Library\gccCyBLEStack_BLE_SOC_PERIPHERAL.a(ll.o)
                0x00004f84                ll_is_pkt_pending

i.ll_is_sent_pkt_pending
                0x00004fae       0x1a
 i.ll_is_sent_pkt_pending
                0x00004fae       0x1a C:\9047software\PSoC Creator\3.3\PSoC Creator\psoc\content\cycomponentlibrary\CyComponentLibrary.cylib\BLE_v2_0\Library\gccCyBLEStack_BLE_SOC_PERIPHERAL.a(ll.o)
                0x00004fae                ll_is_sent_pkt_pending

i.ll_isr_exit_low_power_mode
                0x00004fc8       0x16
 i.ll_isr_exit_low_power_mode
                0x00004fc8       0x16 C:\9047software\PSoC Creator\3.3\PSoC Creator\psoc\content\cycomponentlibrary\CyComponentLibrary.cylib\BLE_v2_0\Library\gccCyBLEStack_BLE_SOC_PERIPHERAL.a(ll.o)
                0x00004fc8                ll_isr_exit_low_power_mode

i.ll_load_host_data_packet
                0x00004fde       0x4a
 i.ll_load_host_data_packet
                0x00004fde       0x4a C:\9047software\PSoC Creator\3.3\PSoC Creator\psoc\content\cycomponentlibrary\CyComponentLibrary.cylib\BLE_v2_0\Library\gccCyBLEStack_BLE_SOC_PERIPHERAL.a(ll.o)
                0x00004fde                ll_load_host_data_packet

i.ll_load_packet_to_fifo
                0x00005028       0x6e
 i.ll_load_packet_to_fifo
                0x00005028       0x6e C:\9047software\PSoC Creator\3.3\PSoC Creator\psoc\content\cycomponentlibrary\CyComponentLibrary.cylib\BLE_v2_0\Library\gccCyBLEStack_BLE_SOC_PERIPHERAL.a(ll.o)
                0x00005028                ll_load_packet_to_fifo

i.ll_process_acks
                0x00005096       0x3c
 i.ll_process_acks
                0x00005096       0x3c C:\9047software\PSoC Creator\3.3\PSoC Creator\psoc\content\cycomponentlibrary\CyComponentLibrary.cylib\BLE_v2_0\Library\gccCyBLEStack_BLE_SOC_PERIPHERAL.a(ll.o)
                0x00005096                ll_process_acks

i.ll_reset      0x000050d2       0x12
 i.ll_reset     0x000050d2       0x12 C:\9047software\PSoC Creator\3.3\PSoC Creator\psoc\content\cycomponentlibrary\CyComponentLibrary.cylib\BLE_v2_0\Library\gccCyBLEStack_BLE_SOC_PERIPHERAL.a(ll.o)
                0x000050d2                ll_reset

i.ll_update_active_features
                0x000050e4       0x58
 i.ll_update_active_features
                0x000050e4       0x58 C:\9047software\PSoC Creator\3.3\PSoC Creator\psoc\content\cycomponentlibrary\CyComponentLibrary.cylib\BLE_v2_0\Library\gccCyBLEStack_BLE_SOC_PERIPHERAL.a(ll.o)
                0x000050e4                ll_update_active_features

i.ll_update_device_fsm
                0x0000513c        0x8
 i.ll_update_device_fsm
                0x0000513c        0x8 C:\9047software\PSoC Creator\3.3\PSoC Creator\psoc\content\cycomponentlibrary\CyComponentLibrary.cylib\BLE_v2_0\Library\gccCyBLEStack_BLE_SOC_PERIPHERAL.a(ll.o)
                0x0000513c                ll_update_device_fsm

i.pf_le_start_timer
                0x00005144       0x16
 i.pf_le_start_timer
                0x00005144       0x16 C:\9047software\PSoC Creator\3.3\PSoC Creator\psoc\content\cycomponentlibrary\CyComponentLibrary.cylib\BLE_v2_0\Library\gccCyBLEStack_BLE_SOC_PERIPHERAL.a(ll.o)
                0x00005144                pf_le_start_timer

i.pf_le_stop_timer
                0x0000515a       0x12
 i.pf_le_stop_timer
                0x0000515a       0x12 C:\9047software\PSoC Creator\3.3\PSoC Creator\psoc\content\cycomponentlibrary\CyComponentLibrary.cylib\BLE_v2_0\Library\gccCyBLEStack_BLE_SOC_PERIPHERAL.a(ll.o)
                0x0000515a                pf_le_stop_timer

i.CyBleControllerIP_TuneAdvEventInterPktSlots
                0x0000516c       0x44
 i.CyBleControllerIP_TuneAdvEventInterPktSlots
                0x0000516c       0x44 C:\9047software\PSoC Creator\3.3\PSoC Creator\psoc\content\cycomponentlibrary\CyComponentLibrary.cylib\BLE_v2_0\Library\gccCyBLEStack_BLE_SOC_PERIPHERAL.a(ll_advertiser.o)
                0x0000516c                CyBleControllerIP_TuneAdvEventInterPktSlots

i.ll_adv_is_configured_connection_adv
                0x000051b0       0x1e
 i.ll_adv_is_configured_connection_adv
                0x000051b0       0x1e C:\9047software\PSoC Creator\3.3\PSoC Creator\psoc\content\cycomponentlibrary\CyComponentLibrary.cylib\BLE_v2_0\Library\gccCyBLEStack_BLE_SOC_PERIPHERAL.a(ll_advertiser.o)
                0x000051b0                ll_adv_is_configured_connection_adv

i.ll_check_random_address_in_use_by_advertiser
                0x000051ce       0x10
 i.ll_check_random_address_in_use_by_advertiser
                0x000051ce       0x10 C:\9047software\PSoC Creator\3.3\PSoC Creator\psoc\content\cycomponentlibrary\CyComponentLibrary.cylib\BLE_v2_0\Library\gccCyBLEStack_BLE_SOC_PERIPHERAL.a(ll_advertiser.o)
                0x000051ce                ll_check_random_address_in_use_by_advertiser

i.ll_check_whitelist_in_use_by_advertiser
                0x000051de       0x10
 i.ll_check_whitelist_in_use_by_advertiser
                0x000051de       0x10 C:\9047software\PSoC Creator\3.3\PSoC Creator\psoc\content\cycomponentlibrary\CyComponentLibrary.cylib\BLE_v2_0\Library\gccCyBLEStack_BLE_SOC_PERIPHERAL.a(ll_advertiser.o)
                0x000051de                ll_check_whitelist_in_use_by_advertiser

i.ll_get_adv_status
                0x000051ee        0xc
 i.ll_get_adv_status
                0x000051ee        0xc C:\9047software\PSoC Creator\3.3\PSoC Creator\psoc\content\cycomponentlibrary\CyComponentLibrary.cylib\BLE_v2_0\Library\gccCyBLEStack_BLE_SOC_PERIPHERAL.a(ll_advertiser.o)
                0x000051ee                ll_get_adv_status

i.ll_get_adv_type
                0x000051fa       0x16
 i.ll_get_adv_type
                0x000051fa       0x16 C:\9047software\PSoC Creator\3.3\PSoC Creator\psoc\content\cycomponentlibrary\CyComponentLibrary.cylib\BLE_v2_0\Library\gccCyBLEStack_BLE_SOC_PERIPHERAL.a(ll_advertiser.o)
                0x000051fa                ll_get_adv_type

i.ll_handle_adv_intr
                0x00005210       0x50
 i.ll_handle_adv_intr
                0x00005210       0x50 C:\9047software\PSoC Creator\3.3\PSoC Creator\psoc\content\cycomponentlibrary\CyComponentLibrary.cylib\BLE_v2_0\Library\gccCyBLEStack_BLE_SOC_PERIPHERAL.a(ll_advertiser.o)
                0x00005210                ll_handle_adv_intr

i.ll_handle_set_adv_data
                0x00005260       0x14
 i.ll_handle_set_adv_data
                0x00005260       0x14 C:\9047software\PSoC Creator\3.3\PSoC Creator\psoc\content\cycomponentlibrary\CyComponentLibrary.cylib\BLE_v2_0\Library\gccCyBLEStack_BLE_SOC_PERIPHERAL.a(ll_advertiser.o)
                0x00005260                ll_handle_set_adv_data

i.ll_handle_set_adv_parameters
                0x00005274       0x84
 i.ll_handle_set_adv_parameters
                0x00005274       0x84 C:\9047software\PSoC Creator\3.3\PSoC Creator\psoc\content\cycomponentlibrary\CyComponentLibrary.cylib\BLE_v2_0\Library\gccCyBLEStack_BLE_SOC_PERIPHERAL.a(ll_advertiser.o)
                0x00005274                ll_handle_set_adv_parameters

i.ll_handle_set_advertise_enable
                0x000052f8       0x70
 i.ll_handle_set_advertise_enable
                0x000052f8       0x70 C:\9047software\PSoC Creator\3.3\PSoC Creator\psoc\content\cycomponentlibrary\CyComponentLibrary.cylib\BLE_v2_0\Library\gccCyBLEStack_BLE_SOC_PERIPHERAL.a(ll_advertiser.o)
                0x000052f8                ll_handle_set_advertise_enable

i.ll_handle_set_scan_resp_data
                0x00005368       0x14
 i.ll_handle_set_scan_resp_data
                0x00005368       0x14 C:\9047software\PSoC Creator\3.3\PSoC Creator\psoc\content\cycomponentlibrary\CyComponentLibrary.cylib\BLE_v2_0\Library\gccCyBLEStack_BLE_SOC_PERIPHERAL.a(ll_advertiser.o)
                0x00005368                ll_handle_set_scan_resp_data

i.ll_init_advertiser
                0x0000537c       0x68
 i.ll_init_advertiser
                0x0000537c       0x68 C:\9047software\PSoC Creator\3.3\PSoC Creator\psoc\content\cycomponentlibrary\CyComponentLibrary.cylib\BLE_v2_0\Library\gccCyBLEStack_BLE_SOC_PERIPHERAL.a(ll_advertiser.o)
                0x0000537c                ll_init_advertiser

i.is_le_connection_handle
                0x000053e4       0x28
 i.is_le_connection_handle
                0x000053e4       0x28 C:\9047software\PSoC Creator\3.3\PSoC Creator\psoc\content\cycomponentlibrary\CyComponentLibrary.cylib\BLE_v2_0\Library\gccCyBLEStack_BLE_SOC_PERIPHERAL.a(ll_connection.o)
                0x000053e4                is_le_connection_handle

i.le_assign_connection_handle
                0x0000540c       0x28
 i.le_assign_connection_handle
                0x0000540c       0x28 C:\9047software\PSoC Creator\3.3\PSoC Creator\psoc\content\cycomponentlibrary\CyComponentLibrary.cylib\BLE_v2_0\Library\gccCyBLEStack_BLE_SOC_PERIPHERAL.a(ll_connection.o)
                0x0000540c                le_assign_connection_handle

i.le_get_connection_index
                0x00005434        0x6
 i.le_get_connection_index
                0x00005434        0x6 C:\9047software\PSoC Creator\3.3\PSoC Creator\psoc\content\cycomponentlibrary\CyComponentLibrary.cylib\BLE_v2_0\Library\gccCyBLEStack_BLE_SOC_PERIPHERAL.a(ll_connection.o)
                0x00005434                le_get_connection_index

i.ll_allocate_connection
                0x0000543c       0x44
 i.ll_allocate_connection
                0x0000543c       0x44 C:\9047software\PSoC Creator\3.3\PSoC Creator\psoc\content\cycomponentlibrary\CyComponentLibrary.cylib\BLE_v2_0\Library\gccCyBLEStack_BLE_SOC_PERIPHERAL.a(ll_connection.o)
                0x0000543c                ll_allocate_connection

i.ll_calculate_and_program_def_win_widen_drift
                0x00005480       0x14
 i.ll_calculate_and_program_def_win_widen_drift
                0x00005480       0x14 C:\9047software\PSoC Creator\3.3\PSoC Creator\psoc\content\cycomponentlibrary\CyComponentLibrary.cylib\BLE_v2_0\Library\gccCyBLEStack_BLE_SOC_PERIPHERAL.a(ll_connection.o)
                0x00005480                ll_calculate_and_program_def_win_widen_drift

i.ll_calculate_drift
                0x00005494       0x2c
 i.ll_calculate_drift
                0x00005494       0x2c C:\9047software\PSoC Creator\3.3\PSoC Creator\psoc\content\cycomponentlibrary\CyComponentLibrary.cylib\BLE_v2_0\Library\gccCyBLEStack_BLE_SOC_PERIPHERAL.a(ll_connection.o)
                0x00005494                ll_calculate_drift

i.ll_check_and_decrypt_ll_pdu
                0x000054c0       0x68
 i.ll_check_and_decrypt_ll_pdu
                0x000054c0       0x68 C:\9047software\PSoC Creator\3.3\PSoC Creator\psoc\content\cycomponentlibrary\CyComponentLibrary.cylib\BLE_v2_0\Library\gccCyBLEStack_BLE_SOC_PERIPHERAL.a(ll_connection.o)
                0x000054c0                ll_check_and_decrypt_ll_pdu

i.ll_check_and_decrypt_packet
                0x00005528       0x6a
 i.ll_check_and_decrypt_packet
                0x00005528       0x6a C:\9047software\PSoC Creator\3.3\PSoC Creator\psoc\content\cycomponentlibrary\CyComponentLibrary.cylib\BLE_v2_0\Library\gccCyBLEStack_BLE_SOC_PERIPHERAL.a(ll_connection.o)
                0x00005528                ll_check_and_decrypt_packet

i.ll_check_and_encrypt_ll_pdu
                0x00005592       0x72
 i.ll_check_and_encrypt_ll_pdu
                0x00005592       0x72 C:\9047software\PSoC Creator\3.3\PSoC Creator\psoc\content\cycomponentlibrary\CyComponentLibrary.cylib\BLE_v2_0\Library\gccCyBLEStack_BLE_SOC_PERIPHERAL.a(ll_connection.o)
                0x00005592                ll_check_and_encrypt_ll_pdu

i.ll_check_and_encrypt_packet
                0x00005604       0x8a
 i.ll_check_and_encrypt_packet
                0x00005604       0x8a C:\9047software\PSoC Creator\3.3\PSoC Creator\psoc\content\cycomponentlibrary\CyComponentLibrary.cylib\BLE_v2_0\Library\gccCyBLEStack_BLE_SOC_PERIPHERAL.a(ll_connection.o)
                0x00005604                ll_check_and_encrypt_packet

i.ll_check_for_allowing_incoming_connection_update
                0x0000568e       0x42
 i.ll_check_for_allowing_incoming_connection_update
                0x0000568e       0x42 C:\9047software\PSoC Creator\3.3\PSoC Creator\psoc\content\cycomponentlibrary\CyComponentLibrary.cylib\BLE_v2_0\Library\gccCyBLEStack_BLE_SOC_PERIPHERAL.a(ll_connection.o)
                0x0000568e                ll_check_for_allowing_incoming_connection_update

i.ll_check_if_pdu_is_loaded_to_hardware
                0x000056d0       0x1c
 i.ll_check_if_pdu_is_loaded_to_hardware
                0x000056d0       0x1c C:\9047software\PSoC Creator\3.3\PSoC Creator\psoc\content\cycomponentlibrary\CyComponentLibrary.cylib\BLE_v2_0\Library\gccCyBLEStack_BLE_SOC_PERIPHERAL.a(ll_connection.o)
                0x000056d0                ll_check_if_pdu_is_loaded_to_hardware

i.ll_check_random_address_in_use_by_initiator
                0x000056ec       0x30
 i.ll_check_random_address_in_use_by_initiator
                0x000056ec       0x30 C:\9047software\PSoC Creator\3.3\PSoC Creator\psoc\content\cycomponentlibrary\CyComponentLibrary.cylib\BLE_v2_0\Library\gccCyBLEStack_BLE_SOC_PERIPHERAL.a(ll_connection.o)
                0x000056ec                ll_check_random_address_in_use_by_initiator

i.ll_check_white_list_in_use_by_initiator
                0x0000571c       0x30
 i.ll_check_white_list_in_use_by_initiator
                0x0000571c       0x30 C:\9047software\PSoC Creator\3.3\PSoC Creator\psoc\content\cycomponentlibrary\CyComponentLibrary.cylib\BLE_v2_0\Library\gccCyBLEStack_BLE_SOC_PERIPHERAL.a(ll_connection.o)
                0x0000571c                ll_check_white_list_in_use_by_initiator

i.ll_conn_free_enc_txn_buffer
                0x0000574c       0x16
 i.ll_conn_free_enc_txn_buffer
                0x0000574c       0x16 C:\9047software\PSoC Creator\3.3\PSoC Creator\psoc\content\cycomponentlibrary\CyComponentLibrary.cylib\BLE_v2_0\Library\gccCyBLEStack_BLE_SOC_PERIPHERAL.a(ll_connection.o)
                0x0000574c                ll_conn_free_enc_txn_buffer

i.ll_conn_fsm_update_channel_state
                0x00005762        0x6
 i.ll_conn_fsm_update_channel_state
                0x00005762        0x6 C:\9047software\PSoC Creator\3.3\PSoC Creator\psoc\content\cycomponentlibrary\CyComponentLibrary.cylib\BLE_v2_0\Library\gccCyBLEStack_BLE_SOC_PERIPHERAL.a(ll_connection.o)
                0x00005762                ll_conn_fsm_update_channel_state

i.ll_conn_fsm_update_conn_update_state
                0x00005768        0x6
 i.ll_conn_fsm_update_conn_update_state
                0x00005768        0x6 C:\9047software\PSoC Creator\3.3\PSoC Creator\psoc\content\cycomponentlibrary\CyComponentLibrary.cylib\BLE_v2_0\Library\gccCyBLEStack_BLE_SOC_PERIPHERAL.a(ll_connection.o)
                0x00005768                ll_conn_fsm_update_conn_update_state

i.ll_conn_fsm_update_enc_state
                0x0000576e        0x6
 i.ll_conn_fsm_update_enc_state
                0x0000576e        0x6 C:\9047software\PSoC Creator\3.3\PSoC Creator\psoc\content\cycomponentlibrary\CyComponentLibrary.cylib\BLE_v2_0\Library\gccCyBLEStack_BLE_SOC_PERIPHERAL.a(ll_connection.o)
                0x0000576e                ll_conn_fsm_update_enc_state

i.ll_conn_fsm_update_state
                0x00005774        0x4
 i.ll_conn_fsm_update_state
                0x00005774        0x4 C:\9047software\PSoC Creator\3.3\PSoC Creator\psoc\content\cycomponentlibrary\CyComponentLibrary.cylib\BLE_v2_0\Library\gccCyBLEStack_BLE_SOC_PERIPHERAL.a(ll_connection.o)
                0x00005774                ll_conn_fsm_update_state

i.ll_conn_handle_data_pdu_from_host_when_data_paused
                0x00005778        0x8
 i.ll_conn_handle_data_pdu_from_host_when_data_paused
                0x00005778        0x8 C:\9047software\PSoC Creator\3.3\PSoC Creator\psoc\content\cycomponentlibrary\CyComponentLibrary.cylib\BLE_v2_0\Library\gccCyBLEStack_BLE_SOC_PERIPHERAL.a(ll_connection.o)
                0x00005778                ll_conn_handle_data_pdu_from_host_when_data_paused

i.ll_conn_handle_direct_adv_timeout
                0x00005780       0x2a
 i.ll_conn_handle_direct_adv_timeout
                0x00005780       0x2a C:\9047software\PSoC Creator\3.3\PSoC Creator\psoc\content\cycomponentlibrary\CyComponentLibrary.cylib\BLE_v2_0\Library\gccCyBLEStack_BLE_SOC_PERIPHERAL.a(ll_connection.o)
                0x00005780                ll_conn_handle_direct_adv_timeout

i.ll_conn_handle_ping_timer_expired_interrupt
                0x000057ac       0x1c
 i.ll_conn_handle_ping_timer_expired_interrupt
                0x000057ac       0x1c C:\9047software\PSoC Creator\3.3\PSoC Creator\psoc\content\cycomponentlibrary\CyComponentLibrary.cylib\BLE_v2_0\Library\gccCyBLEStack_BLE_SOC_PERIPHERAL.a(ll_connection.o)
                0x000057ac                ll_conn_handle_ping_timer_expired_interrupt

i.ll_conn_handle_ping_timer_nearly_expired_interrupt
                0x000057c8       0x20
 i.ll_conn_handle_ping_timer_nearly_expired_interrupt
                0x000057c8       0x20 C:\9047software\PSoC Creator\3.3\PSoC Creator\psoc\content\cycomponentlibrary\CyComponentLibrary.cylib\BLE_v2_0\Library\gccCyBLEStack_BLE_SOC_PERIPHERAL.a(ll_connection.o)
                0x000057c8                ll_conn_handle_ping_timer_nearly_expired_interrupt

i.ll_conn_handle_stop_connectable_adv
                0x000057e8       0x12
 i.ll_conn_handle_stop_connectable_adv
                0x000057e8       0x12 C:\9047software\PSoC Creator\3.3\PSoC Creator\psoc\content\cycomponentlibrary\CyComponentLibrary.cylib\BLE_v2_0\Library\gccCyBLEStack_BLE_SOC_PERIPHERAL.a(ll_connection.o)
                0x000057e8                ll_conn_handle_stop_connectable_adv

i.ll_conn_process_pending_transactions
                0x000057fa        0x4
 i.ll_conn_process_pending_transactions
                0x000057fa        0x4 C:\9047software\PSoC Creator\3.3\PSoC Creator\psoc\content\cycomponentlibrary\CyComponentLibrary.cylib\BLE_v2_0\Library\gccCyBLEStack_BLE_SOC_PERIPHERAL.a(ll_connection.o)
                0x000057fa                ll_conn_process_pending_transactions

i.ll_conn_program_authenticated_payload_timer
                0x00005800       0x50
 i.ll_conn_program_authenticated_payload_timer
                0x00005800       0x50 C:\9047software\PSoC Creator\3.3\PSoC Creator\psoc\content\cycomponentlibrary\CyComponentLibrary.cylib\BLE_v2_0\Library\gccCyBLEStack_BLE_SOC_PERIPHERAL.a(ll_connection.o)
                0x00005800                ll_conn_program_authenticated_payload_timer

i.ll_conn_read_data_pdu_from_hardware
                0x00005850       0x14
 i.ll_conn_read_data_pdu_from_hardware
                0x00005850       0x14 C:\9047software\PSoC Creator\3.3\PSoC Creator\psoc\content\cycomponentlibrary\CyComponentLibrary.cylib\BLE_v2_0\Library\gccCyBLEStack_BLE_SOC_PERIPHERAL.a(ll_connection.o)
                0x00005850                ll_conn_read_data_pdu_from_hardware

i.ll_conn_send_ping_req_pdu
                0x00005864       0x40
 i.ll_conn_send_ping_req_pdu
                0x00005864       0x40 C:\9047software\PSoC Creator\3.3\PSoC Creator\psoc\content\cycomponentlibrary\CyComponentLibrary.cylib\BLE_v2_0\Library\gccCyBLEStack_BLE_SOC_PERIPHERAL.a(ll_connection.o)
                0x00005864                ll_conn_send_ping_req_pdu

i.ll_conn_store_pending_tx_pdu
                0x000058a4       0x1a
 i.ll_conn_store_pending_tx_pdu
                0x000058a4       0x1a C:\9047software\PSoC Creator\3.3\PSoC Creator\psoc\content\cycomponentlibrary\CyComponentLibrary.cylib\BLE_v2_0\Library\gccCyBLEStack_BLE_SOC_PERIPHERAL.a(ll_connection.o)
                0x000058a4                ll_conn_store_pending_tx_pdu

i.ll_conn_update_rssi
                0x000058be       0x16
 i.ll_conn_update_rssi
                0x000058be       0x16 C:\9047software\PSoC Creator\3.3\PSoC Creator\psoc\content\cycomponentlibrary\CyComponentLibrary.cylib\BLE_v2_0\Library\gccCyBLEStack_BLE_SOC_PERIPHERAL.a(ll_connection.o)
                0x000058be                ll_conn_update_rssi

i.ll_convert_hci_llid_to_ll_llid_host_to_controller
                0x000058d4        0x8
 i.ll_convert_hci_llid_to_ll_llid_host_to_controller
                0x000058d4        0x8 C:\9047software\PSoC Creator\3.3\PSoC Creator\psoc\content\cycomponentlibrary\CyComponentLibrary.cylib\BLE_v2_0\Library\gccCyBLEStack_BLE_SOC_PERIPHERAL.a(ll_connection.o)
                0x000058d4                ll_convert_hci_llid_to_ll_llid_host_to_controller

i.ll_convert_ll_llid_to_hci_llid_controller_to_host
                0x000058dc        0x2